MPLINK 5.00, LINKER
Linker Map File - Created Fri Jul 04 15:18:35 2014

                                 Section Info
                  Section       Type    Address   Location Size(Bytes)
                ---------  ---------  ---------  ---------  ---------
               _entry_scn       code   0x000000    program   0x000006
           .code___init.o       code   0x000006    program   0x000002
                  HighISR       code   0x000008    program   0x000006
                   .cinit    romdata   0x00000e    program   0x00000e
             .code_main.o       code   0x00001c    program   0x002634
                     PROG       code   0x002650    program   0x00010e
               _cinit_scn       code   0x00275e    program   0x00009e
          .code_write_B.o       code   0x0027fc    program   0x000078
          .code_fxm3232.o       code   0x002874    program   0x000070
          .code_adcopen.o       code   0x0028e4    program   0x00006e
         .code_pw5setdc.o       code   0x002952    program   0x00005e
         .code_pw4setdc.o       code   0x0029b0    program   0x00005e
           .code_read_B.o       code   0x002a0e    program   0x00005c
         .code_fxd3232u.o       code   0x002a6a    program   0x000048
          .code_pw5open.o       code   0x002ab2    program   0x000044
          .code_pw4open.o       code   0x002af6    program   0x000044
           .code_t0read.o       code   0x002b3a    program   0x00003e
          .code_t0write.o       code   0x002b78    program   0x000038
           .code_t0open.o       code   0x002bb0    program   0x000038
           .code_t2open.o       code   0x002be8    program   0x000036
                   STRING       code   0x002c1e    program   0x000034
             D10KTCYXCODE       code   0x002c52    program   0x00002e
         .code_adcsetch.o       code   0x002c80    program   0x00002e
         .code_fxd1616u.o       code   0x002cae    program   0x00002c
                    .code       code   0x002cda    program   0x000020
             _startup_scn       code   0x002cfa    program   0x00001c
          .code_adcread.o       code   0x002d16    program   0x000012
          .code_adcbusy.o       code   0x002d28    program   0x00000a
          .code_t0close.o       code   0x002d32    program   0x000006
         .code_busy_eep.o       code   0x002d38    program   0x000006
          .code_adcconv.o       code   0x002d3e    program   0x000004
        .romdata___init.o    romdata   0x002d42    program   0x000000
        .idata_t0open.o_i    romdata   0x002d42    program   0x000000
        .romdata_t0open.o    romdata   0x002d42    program   0x000000
       .romdata_write_B.o    romdata   0x002d42    program   0x000000
        .idata_t2open.o_i    romdata   0x002d42    program   0x000000
         .romdata_c018i.o    romdata   0x002d42    program   0x000000
       .idata_write_B.o_i    romdata   0x002d42    program   0x000000
        .romdata_t2open.o    romdata   0x002d42    program   0x000000
       .romdata_pw5open.o    romdata   0x002d42    program   0x000000
       .romdata_t0write.o    romdata   0x002d42    program   0x000000
       .romdata_adcread.o    romdata   0x002d42    program   0x000000
        .idata_t0read.o_i    romdata   0x002d42    program   0x000000
        .romdata_t0read.o    romdata   0x002d42    program   0x000000
       .idata_t0write.o_i    romdata   0x002d42    program   0x000000
        .idata_read_B.o_i    romdata   0x002d42    program   0x000000
        .romdata_read_B.o    romdata   0x002d42    program   0x000000
      .romdata_pw5setdc.o    romdata   0x002d42    program   0x000000
      .romdata_adcsetch.o    romdata   0x002d42    program   0x000000
      .idata_pw4setdc.o_i    romdata   0x002d42    program   0x000000
      .romdata_pw4setdc.o    romdata   0x002d42    program   0x000000
      .idata_pw5setdc.o_i    romdata   0x002d42    program   0x000000
       .idata_pw5open.o_i    romdata   0x002d42    program   0x000000
       .romdata_pw4open.o    romdata   0x002d42    program   0x000000
       .idata_pw4open.o_i    romdata   0x002d42    program   0x000000
       .romdata_adcopen.o    romdata   0x002d42    program   0x000000
       .romdata_fxm3232.o    romdata   0x002d42    program   0x000000
          .romdata_main.o    romdata   0x002d42    program   0x000000
      .romdata_fxd3232u.o    romdata   0x002d42    program   0x000000
      .romdata_busy_eep.o    romdata   0x002d42    program   0x000000
       .idata_t0close.o_i    romdata   0x002d42    program   0x000000
      .romdata_fxd1616u.o    romdata   0x002d42    program   0x000000
       .romdata_t0close.o    romdata   0x002d42    program   0x000000
          .idata_main.o_i    romdata   0x002d42    program   0x000008
       .romdata_adcconv.o    romdata   0x002d42    program   0x000000
       .romdata_adcbusy.o    romdata   0x002d42    program   0x000000
      .idata_busy_eep.o_i    romdata   0x002d4a    program   0x000000
       .idata_adcbusy.o_i    romdata   0x002d4a    program   0x000000
            .code_c018i.o       code   0x002d4a    program   0x000000
        .idata___init.o_i    romdata   0x002d4a    program   0x000000
         .idata_c018i.o_i    romdata   0x002d4a    program   0x000000
       .idata_adcopen.o_i    romdata   0x002d4a    program   0x000000
       .idata_fxm3232.o_i    romdata   0x002d4a    program   0x000000
      .idata_fxd3232u.o_i    romdata   0x002d4a    program   0x000000
       .idata_adcread.o_i    romdata   0x002d4a    program   0x000000
      .idata_fxd1616u.o_i    romdata   0x002d4a    program   0x000000
       .idata_adcconv.o_i    romdata   0x002d4a    program   0x000000
      .idata_adcsetch.o_i    romdata   0x002d4a    program   0x000000
    .config_300001_main.o    romdata   0x300001    program   0x000001
    .config_300002_main.o    romdata   0x300002    program   0x000001
    .config_300003_main.o    romdata   0x300003    program   0x000001
    .config_300004_main.o    romdata   0x300004    program   0x000001
    .config_300005_main.o    romdata   0x300005    program   0x000001
    .config_300006_main.o    romdata   0x300006    program   0x000001
    .config_300008_main.o    romdata   0x300008    program   0x000001
    .config_300009_main.o    romdata   0x300009    program   0x000001
    .config_30000a_main.o    romdata   0x30000a    program   0x000001
    .config_30000b_main.o    romdata   0x30000b    program   0x000001
    .config_30000c_main.o    romdata   0x30000c    program   0x000001
    .config_30000d_main.o    romdata   0x30000d    program   0x000001
                MATH_DATA      udata   0x000000       data   0x000014
                 .tmpdata      udata   0x000014       data   0x00000c
                DELAYDAT2      udata   0x000020       data   0x000001
                DELAYDAT1      udata   0x000021       data   0x000001
                  history      udata   0x000100       data   0x0000f0
           .udata_c018i.o      udata   0x0001f0       data   0x00000a
          .udata_t0open.o      udata   0x0001fa       data   0x000000
          .idata_t0open.o      idata   0x0001fa       data   0x000000
          .udata_t2open.o      udata   0x0001fa       data   0x000000
          .idata_t2open.o      idata   0x0001fa       data   0x000000
         .udata_adcread.o      udata   0x0001fa       data   0x000000
         .idata_adcread.o      idata   0x0001fa       data   0x000000
          .udata_t0read.o      udata   0x0001fa       data   0x000000
          .idata_t0read.o      idata   0x0001fa       data   0x000000
          .udata_read_B.o      udata   0x0001fa       data   0x000000
          .idata_read_B.o      idata   0x0001fa       data   0x000000
         .idata_pw5open.o      idata   0x0001fa       data   0x000000
        .udata_adcsetch.o      udata   0x0001fa       data   0x000000
        .idata_adcsetch.o      idata   0x0001fa       data   0x000000
        .udata_pw4setdc.o      udata   0x0001fa       data   0x000000
        .idata_pw4setdc.o      idata   0x0001fa       data   0x000000
        .udata_pw5setdc.o      udata   0x0001fa       data   0x000000
        .idata_pw5setdc.o      idata   0x0001fa       data   0x000000
         .udata_t0write.o      udata   0x0001fa       data   0x000000
         .idata_t0write.o      idata   0x0001fa       data   0x000000
         .udata_write_B.o      udata   0x0001fa       data   0x000000
         .idata_write_B.o      idata   0x0001fa       data   0x000000
          .udata___init.o      udata   0x0001fa       data   0x000000
          .idata___init.o      idata   0x0001fa       data   0x000000
           .idata_c018i.o      idata   0x0001fa       data   0x000000
         .udata_adcbusy.o      udata   0x0001fa       data   0x000000
         .idata_adcbusy.o      idata   0x0001fa       data   0x000000
        .udata_busy_eep.o      udata   0x0001fa       data   0x000000
        .idata_busy_eep.o      idata   0x0001fa       data   0x000000
         .udata_t0close.o      udata   0x0001fa       data   0x000000
         .idata_t0close.o      idata   0x0001fa       data   0x000000
         .udata_adcconv.o      udata   0x0001fa       data   0x000000
         .idata_adcconv.o      idata   0x0001fa       data   0x000000
        .udata_fxd1616u.o      udata   0x0001fa       data   0x000000
        .idata_fxd1616u.o      idata   0x0001fa       data   0x000000
        .udata_fxd3232u.o      udata   0x0001fa       data   0x000000
        .idata_fxd3232u.o      idata   0x0001fa       data   0x000000
         .udata_fxm3232.o      udata   0x0001fa       data   0x000000
         .idata_fxm3232.o      idata   0x0001fa       data   0x000000
         .udata_adcopen.o      udata   0x0001fa       data   0x000000
         .idata_adcopen.o      idata   0x0001fa       data   0x000000
         .udata_pw4open.o      udata   0x0001fa       data   0x000000
         .idata_pw4open.o      idata   0x0001fa       data   0x000000
         .udata_pw5open.o      udata   0x0001fa       data   0x000000
                   .stack      udata   0x000e00       data   0x000100
            .udata_main.o      udata   0x000f00       data   0x00002a
            .idata_main.o      idata   0x000f2a       data   0x000008
            SFR_UNBANKED0      udata   0x000f62       data   0x00009e



                              Program Memory Usage 
                               Start         End      
                           ---------   ---------      
                            0x000000    0x002d49      
                            0x300001    0x300006      
                            0x300008    0x30000d      
            11606 out of 132120 program addresses used, program memory utilization is 8%



                              Symbols - Sorted by Name
                     Name    Address   Location    Storage File                     
                ---------  ---------  ---------  --------- ---------                
              ApplyCutOff   0x000ab2    program     extern C:\Documents and Settings\Administrator\MPLABXProjects\buggy.X\main.c
                 BitClear   0x00008a    program     extern C:\Documents and Settings\Administrator\MPLABXProjects\buggy.X\main.c
                  BitRead   0x00001c    program     extern C:\Documents and Settings\Administrator\MPLABXProjects\buggy.X\main.c
                   BitSet   0x000054    program     extern C:\Documents and Settings\Administrator\MPLABXProjects\buggy.X\main.c
                  BusyADC   0x002d28    program     extern E:\3.46\pic18-lt\cxx-framework\src\pmc_common\ADC\adcbusy.c
                 Busy_eep   0x002d38    program     extern E:\3.46\pic18-lt\cxx-framework\src\pmc_common\EEP\busy_eep.c
       CalculateDutyCycle   0x00059c    program     extern C:\Documents and Settings\Administrator\MPLABXProjects\buggy.X\main.c
        CalculateMaxSpeed   0x002028    program     extern C:\Documents and Settings\Administrator\MPLABXProjects\buggy.X\main.c
CalculateSensorsWeightedAverage   0x000ee0    program     extern C:\Documents and Settings\Administrator\MPLABXProjects\buggy.X\main.c
         CalibrateSensors   0x001a56    program     extern C:\Documents and Settings\Administrator\MPLABXProjects\buggy.X\main.c
              CapValueInt   0x001cb0    program     extern C:\Documents and Settings\Administrator\MPLABXProjects\buggy.X\main.c
             CapValueLong   0x001bca    program     extern C:\Documents and Settings\Administrator\MPLABXProjects\buggy.X\main.c
              CloseTimer0   0x002d32    program     extern E:\3.46\pic18-lt\cxx-framework\src\pmc_common\Timers\t0close.c
        ConfigureBipolar1   0x0000c2    program     extern C:\Documents and Settings\Administrator\MPLABXProjects\buggy.X\main.c
        ConfigureBipolar2   0x0000e2    program     extern C:\Documents and Settings\Administrator\MPLABXProjects\buggy.X\main.c
            ConfigureCCP4   0x000162    program     extern C:\Documents and Settings\Administrator\MPLABXProjects\buggy.X\main.c
            ConfigureCCP5   0x000166    program     extern C:\Documents and Settings\Administrator\MPLABXProjects\buggy.X\main.c
  ConfigureCalibrationLED   0x000550    program     extern C:\Documents and Settings\Administrator\MPLABXProjects\buggy.X\main.c
      ConfigureDirection1   0x000102    program     extern C:\Documents and Settings\Administrator\MPLABXProjects\buggy.X\main.c
      ConfigureDirection2   0x000122    program     extern C:\Documents and Settings\Administrator\MPLABXProjects\buggy.X\main.c
          ConfigureEnable   0x000142    program     extern C:\Documents and Settings\Administrator\MPLABXProjects\buggy.X\main.c
ConfigureGlobalInterrupts   0x0002f2    program     extern C:\Documents and Settings\Administrator\MPLABXProjects\buggy.X\main.c
    ConfigureInterruptRB0   0x0002fa    program     extern C:\Documents and Settings\Administrator\MPLABXProjects\buggy.X\main.c
    ConfigureInterruptRB1   0x0002fe    program     extern C:\Documents and Settings\Administrator\MPLABXProjects\buggy.X\main.c
ConfigurePeripheralInterrupts   0x0002f6    program     extern C:\Documents and Settings\Administrator\MPLABXProjects\buggy.X\main.c
         ConfigureRaceLED   0x000570    program     extern C:\Documents and Settings\Administrator\MPLABXProjects\buggy.X\main.c
               ConvertADC   0x002d3e    program     extern E:\3.46\pic18-lt\cxx-framework\src\pmc_common\ADC\adcconv.c
         CopyArrayToArray   0x001fa4    program     extern C:\Documents and Settings\Administrator\MPLABXProjects\buggy.X\main.c
                   D10K_1   0x002c5e    program     static E:\3.46\pic18-lt\cxx-framework\src\traditional\delays\d10ktcyx.asm
                    D10Kl   0x002c6a    program     static E:\3.46\pic18-lt\cxx-framework\src\traditional\delays\d10ktcyx.asm
                    D10Kx   0x002c5c    program     static E:\3.46\pic18-lt\cxx-framework\src\traditional\delays\d10ktcyx.asm
                   D1616S   0x002672    program     static E:\3.46\pic18-lt\cxx-framework\src\traditional\math\fxd1616s.asm
                D1616SNEG   0x002680    program     static E:\3.46\pic18-lt\cxx-framework\src\traditional\math\fxd1616s.asm
                 D1616SOK   0x00267c    program     static E:\3.46\pic18-lt\cxx-framework\src\traditional\math\fxd1616s.asm
                  D1616SX   0x002692    program     static E:\3.46\pic18-lt\cxx-framework\src\traditional\math\fxd1616s.asm
                   D3232S   0x0026cc    program     static E:\3.46\pic18-lt\cxx-framework\src\traditional\math\fxd3232s.asm
                D3232SNEG   0x0026da    program     static E:\3.46\pic18-lt\cxx-framework\src\traditional\math\fxd3232s.asm
                 D3232SOK   0x0026d6    program     static E:\3.46\pic18-lt\cxx-framework\src\traditional\math\fxd3232s.asm
                  D3232SX   0x0026fa    program     static E:\3.46\pic18-lt\cxx-framework\src\traditional\math\fxd3232s.asm
                  DA1616S   0x002662    program     static E:\3.46\pic18-lt\cxx-framework\src\traditional\math\fxd1616s.asm
                  DA3232S   0x0026b6    program     static E:\3.46\pic18-lt\cxx-framework\src\traditional\math\fxd3232s.asm
            DebounceValue   0x0004a8    program     extern C:\Documents and Settings\Administrator\MPLABXProjects\buggy.X\main.c
             Delay10KTCYx   0x002c52    program     extern E:\3.46\pic18-lt\cxx-framework\src\traditional\delays\d10ktcyx.asm
             Delay1Second   0x0012a2    program     extern C:\Documents and Settings\Administrator\MPLABXProjects\buggy.X\main.c
             Delay2Second   0x0012cc    program     extern C:\Documents and Settings\Administrator\MPLABXProjects\buggy.X\main.c
             Delay3Second   0x0012d2    program     extern C:\Documents and Settings\Administrator\MPLABXProjects\buggy.X\main.c
             Delay9Second   0x0012da    program     extern C:\Documents and Settings\Administrator\MPLABXProjects\buggy.X\main.c
          DelayHalfSecond   0x00128c    program     extern C:\Documents and Settings\Administrator\MPLABXProjects\buggy.X\main.c
         DelayMiliseconds   0x001264    program     extern C:\Documents and Settings\Administrator\MPLABXProjects\buggy.X\main.c
       DelayQuarterSecond   0x001280    program     extern C:\Documents and Settings\Administrator\MPLABXProjects\buggy.X\main.c
              DoEightLoop   0x001568    program     extern C:\Documents and Settings\Administrator\MPLABXProjects\buggy.X\main.c
EraseSensorsCalibrationData   0x00189e    program     extern C:\Documents and Settings\Administrator\MPLABXProjects\buggy.X\main.c
                 FXD1616S   0x002650    program     extern E:\3.46\pic18-lt\cxx-framework\src\traditional\math\fxd1616s.asm
                 FXD1616U   0x002cae    program     extern E:\3.46\pic18-lt\cxx-framework\src\traditional\math\fxd1616u.c
                 FXD3232S   0x00269c    program     extern E:\3.46\pic18-lt\cxx-framework\src\traditional\math\fxd3232s.asm
                 FXD3232U   0x002a6a    program     extern E:\3.46\pic18-lt\cxx-framework\src\traditional\math\fxd3232u.c
                 FXM1616S   0x002704    program     extern E:\3.46\pic18-lt\cxx-framework\src\traditional\math\fxm1616s.asm
                  FXM3232   0x002874    program     extern E:\3.46\pic18-lt\cxx-framework\src\traditional\math\fxm3232.c
FillSensorsCalibrationDataWithDefaultValues   0x0018d8    program     extern C:\Documents and Settings\Administrator\MPLABXProjects\buggy.X\main.c
FillSensorsCalibrationDataWithPreCalibrationValues   0x001970    program     extern C:\Documents and Settings\Administrator\MPLABXProjects\buggy.X\main.c
             FindLostLine   0x001e30    program     extern C:\Documents and Settings\Administrator\MPLABXProjects\buggy.X\main.c
           FreewheelsMode   0x000652    program     extern C:\Documents and Settings\Administrator\MPLABXProjects\buggy.X\main.c
                FullBreak   0x002026    program     extern C:\Documents and Settings\Administrator\MPLABXProjects\buggy.X\main.c
           GetSensorValue   0x000224    program     extern C:\Documents and Settings\Administrator\MPLABXProjects\buggy.X\main.c
               GoStraight   0x0014b6    program     extern C:\Documents and Settings\Administrator\MPLABXProjects\buggy.X\main.c
     GoStraightAdjustment   0x0013e0    program     extern C:\Documents and Settings\Administrator\MPLABXProjects\buggy.X\main.c
  InterruptServiceRoutine   0x0008d0    program     extern C:\Documents and Settings\Administrator\MPLABXProjects\buggy.X\main.c
 IsCalibrateButtonPressed   0x001250    program     extern C:\Documents and Settings\Administrator\MPLABXProjects\buggy.X\main.c
        IsCalibrationMode   0x001a46    program     extern C:\Documents and Settings\Administrator\MPLABXProjects\buggy.X\main.c
             IsPb1Pressed   0x001392    program     extern C:\Documents and Settings\Administrator\MPLABXProjects\buggy.X\main.c
             IsPb2Pressed   0x0013b0    program     extern C:\Documents and Settings\Administrator\MPLABXProjects\buggy.X\main.c
      IsRaceButtonPressed   0x001258    program     extern C:\Documents and Settings\Administrator\MPLABXProjects\buggy.X\main.c
               IsRaceMode   0x001a4e    program     extern C:\Documents and Settings\Administrator\MPLABXProjects\buggy.X\main.c
JumpToInterruptServiceRoutine   0x000008    program     extern C:\Documents and Settings\Administrator\MPLABXProjects\buggy.X\main.c
LoadCalibratedValuesFromEEPROM   0x00121e    program     extern C:\Documents and Settings\Administrator\MPLABXProjects\buggy.X\main.c
               MotorSpeed   0x0006a4    program     extern C:\Documents and Settings\Administrator\MPLABXProjects\buggy.X\main.c
                  OpenADC   0x0028e4    program     extern E:\3.46\pic18-lt\cxx-framework\src\pmc_common\ADC\adcopen.c
                 OpenPWM4   0x002af6    program     extern E:\3.46\pic18-lt\cxx-framework\src\pmc_common\PWM\pw4open.c
                 OpenPWM5   0x002ab2    program     extern E:\3.46\pic18-lt\cxx-framework\src\pmc_common\PWM\pw5open.c
               OpenTimer0   0x002bb0    program     extern E:\3.46\pic18-lt\cxx-framework\src\pmc_common\Timers\t0open.c
               OpenTimer2   0x002be8    program     extern E:\3.46\pic18-lt\cxx-framework\src\pmc_common\Timers\t2open.c
             ProfilerRead   0x000806    program     extern C:\Documents and Settings\Administrator\MPLABXProjects\buggy.X\main.c
            ProfilerReset   0x0007e6    program     extern C:\Documents and Settings\Administrator\MPLABXProjects\buggy.X\main.c
            ProfilerStart   0x0007f6    program     extern C:\Documents and Settings\Administrator\MPLABXProjects\buggy.X\main.c
             ProfilerStop   0x00081e    program     extern C:\Documents and Settings\Administrator\MPLABXProjects\buggy.X\main.c
                     Race   0x002158    program     extern C:\Documents and Settings\Administrator\MPLABXProjects\buggy.X\main.c
          RanInErrorState   0x000a32    program     extern C:\Documents and Settings\Administrator\MPLABXProjects\buggy.X\main.c
                  ReadADC   0x002d16    program     extern E:\3.46\pic18-lt\cxx-framework\src\pmc_common\ADC\adcread.c
           ReadAdcChannel   0x000a66    program     extern C:\Documents and Settings\Administrator\MPLABXProjects\buggy.X\main.c
                ReadArray   0x001144    program     extern C:\Documents and Settings\Administrator\MPLABXProjects\buggy.X\main.c
              ReadCurrent   0x000738    program     extern C:\Documents and Settings\Administrator\MPLABXProjects\buggy.X\main.c
           ReadFromEEPROM   0x0003e0    program     extern C:\Documents and Settings\Administrator\MPLABXProjects\buggy.X\main.c
                  ReadPot   0x0012e2    program     extern C:\Documents and Settings\Administrator\MPLABXProjects\buggy.X\main.c
            ReadPotScaled   0x00132a    program     extern C:\Documents and Settings\Administrator\MPLABXProjects\buggy.X\main.c
              ReadSensors   0x000caa    program     extern C:\Documents and Settings\Administrator\MPLABXProjects\buggy.X\main.c
               ReadTimer0   0x002b3a    program     extern E:\3.46\pic18-lt\cxx-framework\src\pmc_common\Timers\t0read.c
               Read_b_eep   0x002a0e    program     extern E:\3.46\pic18-lt\cxx-framework\src\pmc_common\EEP\read_B.c
              ReturnFalse   0x000596    program     extern C:\Documents and Settings\Administrator\MPLABXProjects\buggy.X\main.c
               ReturnTrue   0x000590    program     extern C:\Documents and Settings\Administrator\MPLABXProjects\buggy.X\main.c
SaveCalibratedValuesToEEPROM   0x0011ec    program     extern C:\Documents and Settings\Administrator\MPLABXProjects\buggy.X\main.c
             SelectSensor   0x00016a    program     extern C:\Documents and Settings\Administrator\MPLABXProjects\buggy.X\main.c
              SetBipolar1   0x0000c6    program     extern C:\Documents and Settings\Administrator\MPLABXProjects\buggy.X\main.c
              SetBipolar2   0x0000e6    program     extern C:\Documents and Settings\Administrator\MPLABXProjects\buggy.X\main.c
        SetCalibrationLED   0x000554    program     extern C:\Documents and Settings\Administrator\MPLABXProjects\buggy.X\main.c
               SetChanADC   0x002c80    program     extern E:\3.46\pic18-lt\cxx-framework\src\pmc_common\ADC\adcsetch.c
                SetDCPWM4   0x0029b0    program     extern E:\3.46\pic18-lt\cxx-framework\src\pmc_common\PWM\pw4setdc.c
                SetDCPWM5   0x002952    program     extern E:\3.46\pic18-lt\cxx-framework\src\pmc_common\PWM\pw5setdc.c
            SetDirection1   0x000106    program     extern C:\Documents and Settings\Administrator\MPLABXProjects\buggy.X\main.c
            SetDirection2   0x000126    program     extern C:\Documents and Settings\Administrator\MPLABXProjects\buggy.X\main.c
                SetEnable   0x000146    program     extern C:\Documents and Settings\Administrator\MPLABXProjects\buggy.X\main.c
               SetRaceLED   0x000574    program     extern C:\Documents and Settings\Administrator\MPLABXProjects\buggy.X\main.c
                    Setup   0x000a50    program     extern C:\Documents and Settings\Administrator\MPLABXProjects\buggy.X\main.c
             SetupButtons   0x000a34    program     extern C:\Documents and Settings\Administrator\MPLABXProjects\buggy.X\main.c
         SetupControlLEDs   0x000a3e    program     extern C:\Documents and Settings\Administrator\MPLABXProjects\buggy.X\main.c
              SetupEnable   0x000854    program     extern C:\Documents and Settings\Administrator\MPLABXProjects\buggy.X\main.c
             SetupIOBoard   0x0008b6    program     extern C:\Documents and Settings\Administrator\MPLABXProjects\buggy.X\main.c
           SetupLeftMotor   0x000882    program     extern C:\Documents and Settings\Administrator\MPLABXProjects\buggy.X\main.c
                 SetupPWM   0x000822    program     extern C:\Documents and Settings\Administrator\MPLABXProjects\buggy.X\main.c
          SetupRightMotor   0x000864    program     extern C:\Documents and Settings\Administrator\MPLABXProjects\buggy.X\main.c
             SetupSensors   0x0008a0    program     extern C:\Documents and Settings\Administrator\MPLABXProjects\buggy.X\main.c
             SumUintArray   0x001d5e    program     extern C:\Documents and Settings\Administrator\MPLABXProjects\buggy.X\main.c
               TSIGN1616A   0x002750    program     static E:\3.46\pic18-lt\cxx-framework\src\traditional\math\fxm1616s.asm
                TechDemo1   0x0016fa    program     extern C:\Documents and Settings\Administrator\MPLABXProjects\buggy.X\main.c
             TrackHistory   0x001f5a    program     extern C:\Documents and Settings\Administrator\MPLABXProjects\buggy.X\main.c
               WriteArray   0x0010a0    program     extern C:\Documents and Settings\Administrator\MPLABXProjects\buggy.X\main.c
              WriteTimer0   0x002b78    program     extern E:\3.46\pic18-lt\cxx-framework\src\pmc_common\Timers\t0write.c
            WriteToEEPROM   0x000302    program     extern C:\Documents and Settings\Administrator\MPLABXProjects\buggy.X\main.c
              WriteToLeds   0x0013ca    program     extern C:\Documents and Settings\Administrator\MPLABXProjects\buggy.X\main.c
              Write_b_eep   0x0027fc    program     extern E:\3.46\pic18-lt\cxx-framework\src\pmc_common\EEP\write_B.c
              _2jContinue   0x002c3e    program     static E:\3.46\pic18-lt\cxx-framework\src\traditional\stdclib\memset.asm
                   _3jEnd   0x002c48    program     static E:\3.46\pic18-lt\cxx-framework\src\traditional\stdclib\memset.asm
       _D10KTCYXCODE_0010   0x002c62    program     static E:\3.46\pic18-lt\cxx-framework\src\traditional\delays\d10ktcyx.asm
       _D10KTCYXCODE_001C   0x002c6e    program     static E:\3.46\pic18-lt\cxx-framework\src\traditional\delays\d10ktcyx.asm
       ___return_lbl00000   0x0028e2    program     static                          
       ___return_lbl00000   0x000004    program     static                          
       ___return_lbl00000   0x002ab0    program     static                          
       ___return_lbl00000   0x002a5e    program     static                          
       ___return_lbl00000   0x002cd8    program     static                          
       ___return_lbl00001   0x002d14    program     static                          
       ___return_lbl00002   0x0027fa    program     static                          
       ___return_lbl00097   0x00000c    program     static                          
               __config_0   0x300001    program     static C:\Documents and Settings\Administrator\MPLABXProjects\buggy.X\main.c
               __config_1   0x300002    program     static C:\Documents and Settings\Administrator\MPLABXProjects\buggy.X\main.c
              __config_10   0x30000c    program     static C:\Documents and Settings\Administrator\MPLABXProjects\buggy.X\main.c
              __config_11   0x30000d    program     static C:\Documents and Settings\Administrator\MPLABXProjects\buggy.X\main.c
               __config_2   0x300003    program     static C:\Documents and Settings\Administrator\MPLABXProjects\buggy.X\main.c
               __config_3   0x300004    program     static C:\Documents and Settings\Administrator\MPLABXProjects\buggy.X\main.c
               __config_4   0x300005    program     static C:\Documents and Settings\Administrator\MPLABXProjects\buggy.X\main.c
               __config_5   0x300006    program     static C:\Documents and Settings\Administrator\MPLABXProjects\buggy.X\main.c
               __config_6   0x300008    program     static C:\Documents and Settings\Administrator\MPLABXProjects\buggy.X\main.c
               __config_7   0x300009    program     static C:\Documents and Settings\Administrator\MPLABXProjects\buggy.X\main.c
               __config_8   0x30000a    program     static C:\Documents and Settings\Administrator\MPLABXProjects\buggy.X\main.c
               __config_9   0x30000b    program     static C:\Documents and Settings\Administrator\MPLABXProjects\buggy.X\main.c
                   __init   0x000006    program     extern E:\3.46\pic18-lt\cxx-framework\src\traditional\stdclib\__init.c
            __zero_memory   0x002cda    program     extern E:\3.46\pic18-lt\cxx-framework\src\traditional\proc\p18f8722.asm
                _do_cinit   0x00275e    program     extern E:\3.46\pic18-lt\cxx-framework\src\traditional\startup\c018i.c
                   _entry   0x000000    program     extern E:\3.46\pic18-lt\cxx-framework\src\traditional\startup\c018i.c
                   _false   0x002aac    program     static                          
                 _startup   0x002cfa    program     extern E:\3.46\pic18-lt\cxx-framework\src\traditional\startup\c018i.c
                compare_l   0x002cf0    program     static E:\3.46\pic18-lt\cxx-framework\src\traditional\proc\p18f8722.asm
                copy_loop   0x0027d0    program     static                          
            copy_one_byte   0x0027d6    program     static                          
                     done   0x0027fa    program     static                          
             done_copying   0x0027e4    program     static                          
                  endloop   0x002cd4    program     static                          
                     jEnd   0x002c50    program     static E:\3.46\pic18-lt\cxx-framework\src\traditional\stdclib\memset.asm
                    jLoop   0x002c32    program     static E:\3.46\pic18-lt\cxx-framework\src\traditional\stdclib\memset.asm
                     loop   0x002cb8    program     static                          
                     loop   0x002d0a    program     static                          
                     loop   0x002a78    program     static                          
                   loop_h   0x002ce8    program     static E:\3.46\pic18-lt\cxx-framework\src\traditional\proc\p18f8722.asm
                   loop_l   0x002cf2    program     static E:\3.46\pic18-lt\cxx-framework\src\traditional\proc\p18f8722.asm
                     main   0x00264c    program     extern C:\Documents and Settings\Administrator\MPLABXProjects\buggy.X\main.c
                   memset   0x002c1e    program     extern E:\3.46\pic18-lt\cxx-framework\src\traditional\stdclib\memset.asm
                     test   0x002778    program     static                          
               zero_block   0x002ce8    program     static E:\3.46\pic18-lt\cxx-framework\src\traditional\proc\p18f8722.asm
                   ADCON0   0x000fc2       data     extern E:\3.46\pic18-lt\cxx-framework\src\traditional\proc\p18f8722.asm
               ADCON0bits   0x000fc2       data     extern E:\3.46\pic18-lt\cxx-framework\src\traditional\proc\p18f8722.asm
                   ADCON1   0x000fc1       data     extern E:\3.46\pic18-lt\cxx-framework\src\traditional\proc\p18f8722.asm
               ADCON1bits   0x000fc1       data     extern E:\3.46\pic18-lt\cxx-framework\src\traditional\proc\p18f8722.asm
                   ADCON2   0x000fc0       data     extern E:\3.46\pic18-lt\cxx-framework\src\traditional\proc\p18f8722.asm
               ADCON2bits   0x000fc0       data     extern E:\3.46\pic18-lt\cxx-framework\src\traditional\proc\p18f8722.asm
                    ADRES   0x000fc3       data     extern E:\3.46\pic18-lt\cxx-framework\src\traditional\proc\p18f8722.asm
                   ADRESH   0x000fc4       data     extern E:\3.46\pic18-lt\cxx-framework\src\traditional\proc\p18f8722.asm
                   ADRESL   0x000fc3       data     extern E:\3.46\pic18-lt\cxx-framework\src\traditional\proc\p18f8722.asm
                  BAUDCON   0x000f7e       data     extern E:\3.46\pic18-lt\cxx-framework\src\traditional\proc\p18f8722.asm
                 BAUDCON1   0x000f7e       data     extern E:\3.46\pic18-lt\cxx-framework\src\traditional\proc\p18f8722.asm
             BAUDCON1bits   0x000f7e       data     extern E:\3.46\pic18-lt\cxx-framework\src\traditional\proc\p18f8722.asm
                 BAUDCON2   0x000f7c       data     extern E:\3.46\pic18-lt\cxx-framework\src\traditional\proc\p18f8722.asm
             BAUDCON2bits   0x000f7c       data     extern E:\3.46\pic18-lt\cxx-framework\src\traditional\proc\p18f8722.asm
              BAUDCONbits   0x000f7e       data     extern E:\3.46\pic18-lt\cxx-framework\src\traditional\proc\p18f8722.asm
                      BSR   0x000fe0       data     extern E:\3.46\pic18-lt\cxx-framework\src\traditional\proc\p18f8722.asm
                  CCP1CON   0x000fbd       data     extern E:\3.46\pic18-lt\cxx-framework\src\traditional\proc\p18f8722.asm
              CCP1CONbits   0x000fbd       data     extern E:\3.46\pic18-lt\cxx-framework\src\traditional\proc\p18f8722.asm
                  CCP2CON   0x000fba       data     extern E:\3.46\pic18-lt\cxx-framework\src\traditional\proc\p18f8722.asm
              CCP2CONbits   0x000fba       data     extern E:\3.46\pic18-lt\cxx-framework\src\traditional\proc\p18f8722.asm
                  CCP3CON   0x000fb7       data     extern E:\3.46\pic18-lt\cxx-framework\src\traditional\proc\p18f8722.asm
              CCP3CONbits   0x000fb7       data     extern E:\3.46\pic18-lt\cxx-framework\src\traditional\proc\p18f8722.asm
                  CCP4CON   0x000f73       data     extern E:\3.46\pic18-lt\cxx-framework\src\traditional\proc\p18f8722.asm
              CCP4CONbits   0x000f73       data     extern E:\3.46\pic18-lt\cxx-framework\src\traditional\proc\p18f8722.asm
                  CCP5CON   0x000f70       data     extern E:\3.46\pic18-lt\cxx-framework\src\traditional\proc\p18f8722.asm
              CCP5CONbits   0x000f70       data     extern E:\3.46\pic18-lt\cxx-framework\src\traditional\proc\p18f8722.asm
                    CCPR1   0x000fbe       data     extern E:\3.46\pic18-lt\cxx-framework\src\traditional\proc\p18f8722.asm
                   CCPR1H   0x000fbf       data     extern E:\3.46\pic18-lt\cxx-framework\src\traditional\proc\p18f8722.asm
                   CCPR1L   0x000fbe       data     extern E:\3.46\pic18-lt\cxx-framework\src\traditional\proc\p18f8722.asm
                    CCPR2   0x000fbb       data     extern E:\3.46\pic18-lt\cxx-framework\src\traditional\proc\p18f8722.asm
                   CCPR2H   0x000fbc       data     extern E:\3.46\pic18-lt\cxx-framework\src\traditional\proc\p18f8722.asm
                   CCPR2L   0x000fbb       data     extern E:\3.46\pic18-lt\cxx-framework\src\traditional\proc\p18f8722.asm
                    CCPR3   0x000fb8       data     extern E:\3.46\pic18-lt\cxx-framework\src\traditional\proc\p18f8722.asm
                   CCPR3H   0x000fb9       data     extern E:\3.46\pic18-lt\cxx-framework\src\traditional\proc\p18f8722.asm
                   CCPR3L   0x000fb8       data     extern E:\3.46\pic18-lt\cxx-framework\src\traditional\proc\p18f8722.asm
                    CCPR4   0x000f74       data     extern E:\3.46\pic18-lt\cxx-framework\src\traditional\proc\p18f8722.asm
                   CCPR4H   0x000f75       data     extern E:\3.46\pic18-lt\cxx-framework\src\traditional\proc\p18f8722.asm
                   CCPR4L   0x000f74       data     extern E:\3.46\pic18-lt\cxx-framework\src\traditional\proc\p18f8722.asm
                    CCPR5   0x000f71       data     extern E:\3.46\pic18-lt\cxx-framework\src\traditional\proc\p18f8722.asm
                   CCPR5H   0x000f72       data     extern E:\3.46\pic18-lt\cxx-framework\src\traditional\proc\p18f8722.asm
                   CCPR5L   0x000f71       data     extern E:\3.46\pic18-lt\cxx-framework\src\traditional\proc\p18f8722.asm
                    CMCON   0x000fb4       data     extern E:\3.46\pic18-lt\cxx-framework\src\traditional\proc\p18f8722.asm
                CMCONbits   0x000fb4       data     extern E:\3.46\pic18-lt\cxx-framework\src\traditional\proc\p18f8722.asm
                   CVRCON   0x000fb5       data     extern E:\3.46\pic18-lt\cxx-framework\src\traditional\proc\p18f8722.asm
               CVRCONbits   0x000fb5       data     extern E:\3.46\pic18-lt\cxx-framework\src\traditional\proc\p18f8722.asm
   CalibrationModeEnabled   0x000f2e       data     extern C:\Documents and Settings\Administrator\MPLABXProjects\buggy.X\main.c
      ComputationsEnabled   0x000f2c       data     extern C:\Documents and Settings\Administrator\MPLABXProjects\buggy.X\main.c
                     DDRA   0x000f92       data     extern E:\3.46\pic18-lt\cxx-framework\src\traditional\proc\p18f8722.asm
                 DDRAbits   0x000f92       data     extern E:\3.46\pic18-lt\cxx-framework\src\traditional\proc\p18f8722.asm
                     DDRB   0x000f93       data     extern E:\3.46\pic18-lt\cxx-framework\src\traditional\proc\p18f8722.asm
                 DDRBbits   0x000f93       data     extern E:\3.46\pic18-lt\cxx-framework\src\traditional\proc\p18f8722.asm
                     DDRC   0x000f94       data     extern E:\3.46\pic18-lt\cxx-framework\src\traditional\proc\p18f8722.asm
                 DDRCbits   0x000f94       data     extern E:\3.46\pic18-lt\cxx-framework\src\traditional\proc\p18f8722.asm
                     DDRD   0x000f95       data     extern E:\3.46\pic18-lt\cxx-framework\src\traditional\proc\p18f8722.asm
                 DDRDbits   0x000f95       data     extern E:\3.46\pic18-lt\cxx-framework\src\traditional\proc\p18f8722.asm
                     DDRE   0x000f96       data     extern E:\3.46\pic18-lt\cxx-framework\src\traditional\proc\p18f8722.asm
                 DDREbits   0x000f96       data     extern E:\3.46\pic18-lt\cxx-framework\src\traditional\proc\p18f8722.asm
                     DDRF   0x000f97       data     extern E:\3.46\pic18-lt\cxx-framework\src\traditional\proc\p18f8722.asm
                 DDRFbits   0x000f97       data     extern E:\3.46\pic18-lt\cxx-framework\src\traditional\proc\p18f8722.asm
                     DDRG   0x000f98       data     extern E:\3.46\pic18-lt\cxx-framework\src\traditional\proc\p18f8722.asm
                 DDRGbits   0x000f98       data     extern E:\3.46\pic18-lt\cxx-framework\src\traditional\proc\p18f8722.asm
                     DDRH   0x000f99       data     extern E:\3.46\pic18-lt\cxx-framework\src\traditional\proc\p18f8722.asm
                 DDRHbits   0x000f99       data     extern E:\3.46\pic18-lt\cxx-framework\src\traditional\proc\p18f8722.asm
                     DDRJ   0x000f9a       data     extern E:\3.46\pic18-lt\cxx-framework\src\traditional\proc\p18f8722.asm
                 DDRJbits   0x000f9a       data     extern E:\3.46\pic18-lt\cxx-framework\src\traditional\proc\p18f8722.asm
            DelayCounter1   0x000021       data     extern E:\3.46\pic18-lt\cxx-framework\src\traditional\delays\delayd1.asm
            DelayCounter2   0x000020       data     extern E:\3.46\pic18-lt\cxx-framework\src\traditional\delays\delayd2.asm
                  ECCP1AS   0x000fb6       data     extern E:\3.46\pic18-lt\cxx-framework\src\traditional\proc\p18f8722.asm
              ECCP1ASbits   0x000fb6       data     extern E:\3.46\pic18-lt\cxx-framework\src\traditional\proc\p18f8722.asm
                 ECCP1CON   0x000fbd       data     extern E:\3.46\pic18-lt\cxx-framework\src\traditional\proc\p18f8722.asm
             ECCP1CONbits   0x000fbd       data     extern E:\3.46\pic18-lt\cxx-framework\src\traditional\proc\p18f8722.asm
                 ECCP1DEL   0x000f79       data     extern E:\3.46\pic18-lt\cxx-framework\src\traditional\proc\p18f8722.asm
             ECCP1DELbits   0x000f79       data     extern E:\3.46\pic18-lt\cxx-framework\src\traditional\proc\p18f8722.asm
                  ECCP2AS   0x000f68       data     extern E:\3.46\pic18-lt\cxx-framework\src\traditional\proc\p18f8722.asm
              ECCP2ASbits   0x000f68       data     extern E:\3.46\pic18-lt\cxx-framework\src\traditional\proc\p18f8722.asm
                 ECCP2CON   0x000fba       data     extern E:\3.46\pic18-lt\cxx-framework\src\traditional\proc\p18f8722.asm
             ECCP2CONbits   0x000fba       data     extern E:\3.46\pic18-lt\cxx-framework\src\traditional\proc\p18f8722.asm
                 ECCP2DEL   0x000f67       data     extern E:\3.46\pic18-lt\cxx-framework\src\traditional\proc\p18f8722.asm
             ECCP2DELbits   0x000f67       data     extern E:\3.46\pic18-lt\cxx-framework\src\traditional\proc\p18f8722.asm
                  ECCP3AS   0x000f6a       data     extern E:\3.46\pic18-lt\cxx-framework\src\traditional\proc\p18f8722.asm
              ECCP3ASbits   0x000f6a       data     extern E:\3.46\pic18-lt\cxx-framework\src\traditional\proc\p18f8722.asm
                 ECCP3CON   0x000fb7       data     extern E:\3.46\pic18-lt\cxx-framework\src\traditional\proc\p18f8722.asm
             ECCP3CONbits   0x000fb7       data     extern E:\3.46\pic18-lt\cxx-framework\src\traditional\proc\p18f8722.asm
                 ECCP3DEL   0x000f69       data     extern E:\3.46\pic18-lt\cxx-framework\src\traditional\proc\p18f8722.asm
             ECCP3DELbits   0x000f69       data     extern E:\3.46\pic18-lt\cxx-framework\src\traditional\proc\p18f8722.asm
                    EEADR   0x000fa9       data     extern E:\3.46\pic18-lt\cxx-framework\src\traditional\proc\p18f8722.asm
                   EEADRH   0x000faa       data     extern E:\3.46\pic18-lt\cxx-framework\src\traditional\proc\p18f8722.asm
                   EECON1   0x000fa6       data     extern E:\3.46\pic18-lt\cxx-framework\src\traditional\proc\p18f8722.asm
               EECON1bits   0x000fa6       data     extern E:\3.46\pic18-lt\cxx-framework\src\traditional\proc\p18f8722.asm
                   EECON2   0x000fa7       data     extern E:\3.46\pic18-lt\cxx-framework\src\traditional\proc\p18f8722.asm
                   EEDATA   0x000fa8       data     extern E:\3.46\pic18-lt\cxx-framework\src\traditional\proc\p18f8722.asm
                     FSR0   0x000fe9       data     extern E:\3.46\pic18-lt\cxx-framework\src\traditional\proc\p18f8722.asm
                    FSR0H   0x000fea       data     extern E:\3.46\pic18-lt\cxx-framework\src\traditional\proc\p18f8722.asm
                    FSR0L   0x000fe9       data     extern E:\3.46\pic18-lt\cxx-framework\src\traditional\proc\p18f8722.asm
                     FSR1   0x000fe1       data     extern E:\3.46\pic18-lt\cxx-framework\src\traditional\proc\p18f8722.asm
                    FSR1H   0x000fe2       data     extern E:\3.46\pic18-lt\cxx-framework\src\traditional\proc\p18f8722.asm
                    FSR1L   0x000fe1       data     extern E:\3.46\pic18-lt\cxx-framework\src\traditional\proc\p18f8722.asm
                     FSR2   0x000fd9       data     extern E:\3.46\pic18-lt\cxx-framework\src\traditional\proc\p18f8722.asm
                    FSR2H   0x000fda       data     extern E:\3.46\pic18-lt\cxx-framework\src\traditional\proc\p18f8722.asm
                    FSR2L   0x000fd9       data     extern E:\3.46\pic18-lt\cxx-framework\src\traditional\proc\p18f8722.asm
    FreewheelsModeEnabled   0x000f2f       data     extern C:\Documents and Settings\Administrator\MPLABXProjects\buggy.X\main.c
                  HLVDCON   0x000fd2       data     extern E:\3.46\pic18-lt\cxx-framework\src\traditional\proc\p18f8722.asm
              HLVDCONbits   0x000fd2       data     extern E:\3.46\pic18-lt\cxx-framework\src\traditional\proc\p18f8722.asm
                    INDF0   0x000fef       data     extern E:\3.46\pic18-lt\cxx-framework\src\traditional\proc\p18f8722.asm
                    INDF1   0x000fe7       data     extern E:\3.46\pic18-lt\cxx-framework\src\traditional\proc\p18f8722.asm
                    INDF2   0x000fdf       data     extern E:\3.46\pic18-lt\cxx-framework\src\traditional\proc\p18f8722.asm
                   INTCON   0x000ff2       data     extern E:\3.46\pic18-lt\cxx-framework\src\traditional\proc\p18f8722.asm
                  INTCON2   0x000ff1       data     extern E:\3.46\pic18-lt\cxx-framework\src\traditional\proc\p18f8722.asm
              INTCON2bits   0x000ff1       data     extern E:\3.46\pic18-lt\cxx-framework\src\traditional\proc\p18f8722.asm
                  INTCON3   0x000ff0       data     extern E:\3.46\pic18-lt\cxx-framework\src\traditional\proc\p18f8722.asm
              INTCON3bits   0x000ff0       data     extern E:\3.46\pic18-lt\cxx-framework\src\traditional\proc\p18f8722.asm
               INTCONbits   0x000ff2       data     extern E:\3.46\pic18-lt\cxx-framework\src\traditional\proc\p18f8722.asm
                     IPR1   0x000f9f       data     extern E:\3.46\pic18-lt\cxx-framework\src\traditional\proc\p18f8722.asm
                 IPR1bits   0x000f9f       data     extern E:\3.46\pic18-lt\cxx-framework\src\traditional\proc\p18f8722.asm
                     IPR2   0x000fa2       data     extern E:\3.46\pic18-lt\cxx-framework\src\traditional\proc\p18f8722.asm
                 IPR2bits   0x000fa2       data     extern E:\3.46\pic18-lt\cxx-framework\src\traditional\proc\p18f8722.asm
                     IPR3   0x000fa5       data     extern E:\3.46\pic18-lt\cxx-framework\src\traditional\proc\p18f8722.asm
                 IPR3bits   0x000fa5       data     extern E:\3.46\pic18-lt\cxx-framework\src\traditional\proc\p18f8722.asm
                     LATA   0x000f89       data     extern E:\3.46\pic18-lt\cxx-framework\src\traditional\proc\p18f8722.asm
                 LATAbits   0x000f89       data     extern E:\3.46\pic18-lt\cxx-framework\src\traditional\proc\p18f8722.asm
                     LATB   0x000f8a       data     extern E:\3.46\pic18-lt\cxx-framework\src\traditional\proc\p18f8722.asm
                 LATBbits   0x000f8a       data     extern E:\3.46\pic18-lt\cxx-framework\src\traditional\proc\p18f8722.asm
                     LATC   0x000f8b       data     extern E:\3.46\pic18-lt\cxx-framework\src\traditional\proc\p18f8722.asm
                 LATCbits   0x000f8b       data     extern E:\3.46\pic18-lt\cxx-framework\src\traditional\proc\p18f8722.asm
                     LATD   0x000f8c       data     extern E:\3.46\pic18-lt\cxx-framework\src\traditional\proc\p18f8722.asm
                 LATDbits   0x000f8c       data     extern E:\3.46\pic18-lt\cxx-framework\src\traditional\proc\p18f8722.asm
                     LATE   0x000f8d       data     extern E:\3.46\pic18-lt\cxx-framework\src\traditional\proc\p18f8722.asm
                 LATEbits   0x000f8d       data     extern E:\3.46\pic18-lt\cxx-framework\src\traditional\proc\p18f8722.asm
                     LATF   0x000f8e       data     extern E:\3.46\pic18-lt\cxx-framework\src\traditional\proc\p18f8722.asm
                 LATFbits   0x000f8e       data     extern E:\3.46\pic18-lt\cxx-framework\src\traditional\proc\p18f8722.asm
                     LATG   0x000f8f       data     extern E:\3.46\pic18-lt\cxx-framework\src\traditional\proc\p18f8722.asm
                 LATGbits   0x000f8f       data     extern E:\3.46\pic18-lt\cxx-framework\src\traditional\proc\p18f8722.asm
                     LATH   0x000f90       data     extern E:\3.46\pic18-lt\cxx-framework\src\traditional\proc\p18f8722.asm
                 LATHbits   0x000f90       data     extern E:\3.46\pic18-lt\cxx-framework\src\traditional\proc\p18f8722.asm
                     LATJ   0x000f91       data     extern E:\3.46\pic18-lt\cxx-framework\src\traditional\proc\p18f8722.asm
                 LATJbits   0x000f91       data     extern E:\3.46\pic18-lt\cxx-framework\src\traditional\proc\p18f8722.asm
                   LVDCON   0x000fd2       data     extern E:\3.46\pic18-lt\cxx-framework\src\traditional\proc\p18f8722.asm
               LVDCONbits   0x000fd2       data     extern E:\3.46\pic18-lt\cxx-framework\src\traditional\proc\p18f8722.asm
                   MEMCON   0x000f9c       data     extern E:\3.46\pic18-lt\cxx-framework\src\traditional\proc\p18f8722.asm
               MEMCONbits   0x000f9c       data     extern E:\3.46\pic18-lt\cxx-framework\src\traditional\proc\p18f8722.asm
                   OSCCON   0x000fd3       data     extern E:\3.46\pic18-lt\cxx-framework\src\traditional\proc\p18f8722.asm
               OSCCONbits   0x000fd3       data     extern E:\3.46\pic18-lt\cxx-framework\src\traditional\proc\p18f8722.asm
                  OSCTUNE   0x000f9b       data     extern E:\3.46\pic18-lt\cxx-framework\src\traditional\proc\p18f8722.asm
              OSCTUNEbits   0x000f9b       data     extern E:\3.46\pic18-lt\cxx-framework\src\traditional\proc\p18f8722.asm
                       PC   0x000ff9       data     extern E:\3.46\pic18-lt\cxx-framework\src\traditional\proc\p18f8722.asm
                      PCL   0x000ff9       data     extern E:\3.46\pic18-lt\cxx-framework\src\traditional\proc\p18f8722.asm
                   PCLATH   0x000ffa       data     extern E:\3.46\pic18-lt\cxx-framework\src\traditional\proc\p18f8722.asm
                   PCLATU   0x000ffb       data     extern E:\3.46\pic18-lt\cxx-framework\src\traditional\proc\p18f8722.asm
                     PIE1   0x000f9d       data     extern E:\3.46\pic18-lt\cxx-framework\src\traditional\proc\p18f8722.asm
                 PIE1bits   0x000f9d       data     extern E:\3.46\pic18-lt\cxx-framework\src\traditional\proc\p18f8722.asm
                     PIE2   0x000fa0       data     extern E:\3.46\pic18-lt\cxx-framework\src\traditional\proc\p18f8722.asm
                 PIE2bits   0x000fa0       data     extern E:\3.46\pic18-lt\cxx-framework\src\traditional\proc\p18f8722.asm
                     PIE3   0x000fa3       data     extern E:\3.46\pic18-lt\cxx-framework\src\traditional\proc\p18f8722.asm
                 PIE3bits   0x000fa3       data     extern E:\3.46\pic18-lt\cxx-framework\src\traditional\proc\p18f8722.asm
                     PIR1   0x000f9e       data     extern E:\3.46\pic18-lt\cxx-framework\src\traditional\proc\p18f8722.asm
                 PIR1bits   0x000f9e       data     extern E:\3.46\pic18-lt\cxx-framework\src\traditional\proc\p18f8722.asm
                     PIR2   0x000fa1       data     extern E:\3.46\pic18-lt\cxx-framework\src\traditional\proc\p18f8722.asm
                 PIR2bits   0x000fa1       data     extern E:\3.46\pic18-lt\cxx-framework\src\traditional\proc\p18f8722.asm
                     PIR3   0x000fa4       data     extern E:\3.46\pic18-lt\cxx-framework\src\traditional\proc\p18f8722.asm
                 PIR3bits   0x000fa4       data     extern E:\3.46\pic18-lt\cxx-framework\src\traditional\proc\p18f8722.asm
                   PLUSW0   0x000feb       data     extern E:\3.46\pic18-lt\cxx-framework\src\traditional\proc\p18f8722.asm
                   PLUSW1   0x000fe3       data     extern E:\3.46\pic18-lt\cxx-framework\src\traditional\proc\p18f8722.asm
                   PLUSW2   0x000fdb       data     extern E:\3.46\pic18-lt\cxx-framework\src\traditional\proc\p18f8722.asm
                    PORTA   0x000f80       data     extern E:\3.46\pic18-lt\cxx-framework\src\traditional\proc\p18f8722.asm
                PORTAbits   0x000f80       data     extern E:\3.46\pic18-lt\cxx-framework\src\traditional\proc\p18f8722.asm
                    PORTB   0x000f81       data     extern E:\3.46\pic18-lt\cxx-framework\src\traditional\proc\p18f8722.asm
                PORTBbits   0x000f81       data     extern E:\3.46\pic18-lt\cxx-framework\src\traditional\proc\p18f8722.asm
                    PORTC   0x000f82       data     extern E:\3.46\pic18-lt\cxx-framework\src\traditional\proc\p18f8722.asm
                PORTCbits   0x000f82       data     extern E:\3.46\pic18-lt\cxx-framework\src\traditional\proc\p18f8722.asm
                    PORTD   0x000f83       data     extern E:\3.46\pic18-lt\cxx-framework\src\traditional\proc\p18f8722.asm
                PORTDbits   0x000f83       data     extern E:\3.46\pic18-lt\cxx-framework\src\traditional\proc\p18f8722.asm
                    PORTE   0x000f84       data     extern E:\3.46\pic18-lt\cxx-framework\src\traditional\proc\p18f8722.asm
                PORTEbits   0x000f84       data     extern E:\3.46\pic18-lt\cxx-framework\src\traditional\proc\p18f8722.asm
                    PORTF   0x000f85       data     extern E:\3.46\pic18-lt\cxx-framework\src\traditional\proc\p18f8722.asm
                PORTFbits   0x000f85       data     extern E:\3.46\pic18-lt\cxx-framework\src\traditional\proc\p18f8722.asm
                    PORTG   0x000f86       data     extern E:\3.46\pic18-lt\cxx-framework\src\traditional\proc\p18f8722.asm
                PORTGbits   0x000f86       data     extern E:\3.46\pic18-lt\cxx-framework\src\traditional\proc\p18f8722.asm
                    PORTH   0x000f87       data     extern E:\3.46\pic18-lt\cxx-framework\src\traditional\proc\p18f8722.asm
                PORTHbits   0x000f87       data     extern E:\3.46\pic18-lt\cxx-framework\src\traditional\proc\p18f8722.asm
                    PORTJ   0x000f88       data     extern E:\3.46\pic18-lt\cxx-framework\src\traditional\proc\p18f8722.asm
                PORTJbits   0x000f88       data     extern E:\3.46\pic18-lt\cxx-framework\src\traditional\proc\p18f8722.asm
                 POSTDEC0   0x000fed       data     extern E:\3.46\pic18-lt\cxx-framework\src\traditional\proc\p18f8722.asm
                 POSTDEC1   0x000fe5       data     extern E:\3.46\pic18-lt\cxx-framework\src\traditional\proc\p18f8722.asm
                 POSTDEC2   0x000fdd       data     extern E:\3.46\pic18-lt\cxx-framework\src\traditional\proc\p18f8722.asm
                 POSTINC0   0x000fee       data     extern E:\3.46\pic18-lt\cxx-framework\src\traditional\proc\p18f8722.asm
                 POSTINC1   0x000fe6       data     extern E:\3.46\pic18-lt\cxx-framework\src\traditional\proc\p18f8722.asm
                 POSTINC2   0x000fde       data     extern E:\3.46\pic18-lt\cxx-framework\src\traditional\proc\p18f8722.asm
                      PR2   0x000fcb       data     extern E:\3.46\pic18-lt\cxx-framework\src\traditional\proc\p18f8722.asm
                      PR4   0x000f77       data     extern E:\3.46\pic18-lt\cxx-framework\src\traditional\proc\p18f8722.asm
                  PREINC0   0x000fec       data     extern E:\3.46\pic18-lt\cxx-framework\src\traditional\proc\p18f8722.asm
                  PREINC1   0x000fe4       data     extern E:\3.46\pic18-lt\cxx-framework\src\traditional\proc\p18f8722.asm
                  PREINC2   0x000fdc       data     extern E:\3.46\pic18-lt\cxx-framework\src\traditional\proc\p18f8722.asm
                     PROD   0x000ff3       data     extern E:\3.46\pic18-lt\cxx-framework\src\traditional\proc\p18f8722.asm
                    PRODH   0x000ff4       data     extern E:\3.46\pic18-lt\cxx-framework\src\traditional\proc\p18f8722.asm
                    PRODL   0x000ff3       data     extern E:\3.46\pic18-lt\cxx-framework\src\traditional\proc\p18f8722.asm
                   PSPCON   0x000fb0       data     extern E:\3.46\pic18-lt\cxx-framework\src\traditional\proc\p18f8722.asm
               PSPCONbits   0x000fb0       data     extern E:\3.46\pic18-lt\cxx-framework\src\traditional\proc\p18f8722.asm
           ProfilingTimer   0x000f30       data     extern C:\Documents and Settings\Administrator\MPLABXProjects\buggy.X\main.c
                     RCON   0x000fd0       data     extern E:\3.46\pic18-lt\cxx-framework\src\traditional\proc\p18f8722.asm
                 RCONbits   0x000fd0       data     extern E:\3.46\pic18-lt\cxx-framework\src\traditional\proc\p18f8722.asm
                    RCREG   0x000fae       data     extern E:\3.46\pic18-lt\cxx-framework\src\traditional\proc\p18f8722.asm
                   RCREG1   0x000fae       data     extern E:\3.46\pic18-lt\cxx-framework\src\traditional\proc\p18f8722.asm
                   RCREG2   0x000f6e       data     extern E:\3.46\pic18-lt\cxx-framework\src\traditional\proc\p18f8722.asm
                    RCSTA   0x000fab       data     extern E:\3.46\pic18-lt\cxx-framework\src\traditional\proc\p18f8722.asm
                   RCSTA1   0x000fab       data     extern E:\3.46\pic18-lt\cxx-framework\src\traditional\proc\p18f8722.asm
               RCSTA1bits   0x000fab       data     extern E:\3.46\pic18-lt\cxx-framework\src\traditional\proc\p18f8722.asm
                   RCSTA2   0x000f6b       data     extern E:\3.46\pic18-lt\cxx-framework\src\traditional\proc\p18f8722.asm
               RCSTA2bits   0x000f6b       data     extern E:\3.46\pic18-lt\cxx-framework\src\traditional\proc\p18f8722.asm
                RCSTAbits   0x000fab       data     extern E:\3.46\pic18-lt\cxx-framework\src\traditional\proc\p18f8722.asm
          RaceModeEnabled   0x000f2d       data     extern C:\Documents and Settings\Administrator\MPLABXProjects\buggy.X\main.c
          ReadingsHistory   0x000100       data     extern C:\Documents and Settings\Administrator\MPLABXProjects\buggy.X\main.c
   ReadingsHistoryPointer   0x000f2a       data     extern C:\Documents and Settings\Administrator\MPLABXProjects\buggy.X\main.c
                     SIGN   0x000000       data     extern E:\3.46\pic18-lt\cxx-framework\src\traditional\math\cmath18.asm
                    SPBRG   0x000faf       data     extern E:\3.46\pic18-lt\cxx-framework\src\traditional\proc\p18f8722.asm
                   SPBRG1   0x000faf       data     extern E:\3.46\pic18-lt\cxx-framework\src\traditional\proc\p18f8722.asm
                   SPBRG2   0x000f6f       data     extern E:\3.46\pic18-lt\cxx-framework\src\traditional\proc\p18f8722.asm
                   SPBRGH   0x000f7f       data     extern E:\3.46\pic18-lt\cxx-framework\src\traditional\proc\p18f8722.asm
                  SPBRGH1   0x000f7f       data     extern E:\3.46\pic18-lt\cxx-framework\src\traditional\proc\p18f8722.asm
                  SPBRGH2   0x000f7d       data     extern E:\3.46\pic18-lt\cxx-framework\src\traditional\proc\p18f8722.asm
                  SSP1ADD   0x000fc8       data     extern E:\3.46\pic18-lt\cxx-framework\src\traditional\proc\p18f8722.asm
                  SSP1BUF   0x000fc9       data     extern E:\3.46\pic18-lt\cxx-framework\src\traditional\proc\p18f8722.asm
                 SSP1CON1   0x000fc6       data     extern E:\3.46\pic18-lt\cxx-framework\src\traditional\proc\p18f8722.asm
             SSP1CON1bits   0x000fc6       data     extern E:\3.46\pic18-lt\cxx-framework\src\traditional\proc\p18f8722.asm
                 SSP1CON2   0x000fc5       data     extern E:\3.46\pic18-lt\cxx-framework\src\traditional\proc\p18f8722.asm
             SSP1CON2bits   0x000fc5       data     extern E:\3.46\pic18-lt\cxx-framework\src\traditional\proc\p18f8722.asm
                 SSP1STAT   0x000fc7       data     extern E:\3.46\pic18-lt\cxx-framework\src\traditional\proc\p18f8722.asm
             SSP1STATbits   0x000fc7       data     extern E:\3.46\pic18-lt\cxx-framework\src\traditional\proc\p18f8722.asm
                  SSP2ADD   0x000f65       data     extern E:\3.46\pic18-lt\cxx-framework\src\traditional\proc\p18f8722.asm
                  SSP2BUF   0x000f66       data     extern E:\3.46\pic18-lt\cxx-framework\src\traditional\proc\p18f8722.asm
                 SSP2CON1   0x000f63       data     extern E:\3.46\pic18-lt\cxx-framework\src\traditional\proc\p18f8722.asm
             SSP2CON1bits   0x000f63       data     extern E:\3.46\pic18-lt\cxx-framework\src\traditional\proc\p18f8722.asm
                 SSP2CON2   0x000f62       data     extern E:\3.46\pic18-lt\cxx-framework\src\traditional\proc\p18f8722.asm
             SSP2CON2bits   0x000f62       data     extern E:\3.46\pic18-lt\cxx-framework\src\traditional\proc\p18f8722.asm
                 SSP2STAT   0x000f64       data     extern E:\3.46\pic18-lt\cxx-framework\src\traditional\proc\p18f8722.asm
             SSP2STATbits   0x000f64       data     extern E:\3.46\pic18-lt\cxx-framework\src\traditional\proc\p18f8722.asm
                   SSPADD   0x000fc8       data     extern E:\3.46\pic18-lt\cxx-framework\src\traditional\proc\p18f8722.asm
                   SSPBUF   0x000fc9       data     extern E:\3.46\pic18-lt\cxx-framework\src\traditional\proc\p18f8722.asm
                  SSPCON1   0x000fc6       data     extern E:\3.46\pic18-lt\cxx-framework\src\traditional\proc\p18f8722.asm
              SSPCON1bits   0x000fc6       data     extern E:\3.46\pic18-lt\cxx-framework\src\traditional\proc\p18f8722.asm
                  SSPCON2   0x000fc5       data     extern E:\3.46\pic18-lt\cxx-framework\src\traditional\proc\p18f8722.asm
              SSPCON2bits   0x000fc5       data     extern E:\3.46\pic18-lt\cxx-framework\src\traditional\proc\p18f8722.asm
                  SSPSTAT   0x000fc7       data     extern E:\3.46\pic18-lt\cxx-framework\src\traditional\proc\p18f8722.asm
              SSPSTATbits   0x000fc7       data     extern E:\3.46\pic18-lt\cxx-framework\src\traditional\proc\p18f8722.asm
                   STATUS   0x000fd8       data     extern E:\3.46\pic18-lt\cxx-framework\src\traditional\proc\p18f8722.asm
               STATUSbits   0x000fd8       data     extern E:\3.46\pic18-lt\cxx-framework\src\traditional\proc\p18f8722.asm
                   STKPTR   0x000ffc       data     extern E:\3.46\pic18-lt\cxx-framework\src\traditional\proc\p18f8722.asm
               STKPTRbits   0x000ffc       data     extern E:\3.46\pic18-lt\cxx-framework\src\traditional\proc\p18f8722.asm
     SensorsCalibratedMax   0x000f00       data     extern C:\Documents and Settings\Administrator\MPLABXProjects\buggy.X\main.c
     SensorsCalibratedMin   0x000f14       data     extern C:\Documents and Settings\Administrator\MPLABXProjects\buggy.X\main.c
                    T0CON   0x000fd5       data     extern E:\3.46\pic18-lt\cxx-framework\src\traditional\proc\p18f8722.asm
                T0CONbits   0x000fd5       data     extern E:\3.46\pic18-lt\cxx-framework\src\traditional\proc\p18f8722.asm
                    T1CON   0x000fcd       data     extern E:\3.46\pic18-lt\cxx-framework\src\traditional\proc\p18f8722.asm
                T1CONbits   0x000fcd       data     extern E:\3.46\pic18-lt\cxx-framework\src\traditional\proc\p18f8722.asm
                    T2CON   0x000fca       data     extern E:\3.46\pic18-lt\cxx-framework\src\traditional\proc\p18f8722.asm
                T2CONbits   0x000fca       data     extern E:\3.46\pic18-lt\cxx-framework\src\traditional\proc\p18f8722.asm
                    T3CON   0x000fb1       data     extern E:\3.46\pic18-lt\cxx-framework\src\traditional\proc\p18f8722.asm
                T3CONbits   0x000fb1       data     extern E:\3.46\pic18-lt\cxx-framework\src\traditional\proc\p18f8722.asm
                    T4CON   0x000f76       data     extern E:\3.46\pic18-lt\cxx-framework\src\traditional\proc\p18f8722.asm
                T4CONbits   0x000f76       data     extern E:\3.46\pic18-lt\cxx-framework\src\traditional\proc\p18f8722.asm
                   TABLAT   0x000ff5       data     extern E:\3.46\pic18-lt\cxx-framework\src\traditional\proc\p18f8722.asm
                   TBLPTR   0x000ff6       data     extern E:\3.46\pic18-lt\cxx-framework\src\traditional\proc\p18f8722.asm
                  TBLPTRH   0x000ff7       data     extern E:\3.46\pic18-lt\cxx-framework\src\traditional\proc\p18f8722.asm
                  TBLPTRL   0x000ff6       data     extern E:\3.46\pic18-lt\cxx-framework\src\traditional\proc\p18f8722.asm
                  TBLPTRU   0x000ff8       data     extern E:\3.46\pic18-lt\cxx-framework\src\traditional\proc\p18f8722.asm
                    TMR0H   0x000fd7       data     extern E:\3.46\pic18-lt\cxx-framework\src\traditional\proc\p18f8722.asm
                    TMR0L   0x000fd6       data     extern E:\3.46\pic18-lt\cxx-framework\src\traditional\proc\p18f8722.asm
                    TMR1H   0x000fcf       data     extern E:\3.46\pic18-lt\cxx-framework\src\traditional\proc\p18f8722.asm
                    TMR1L   0x000fce       data     extern E:\3.46\pic18-lt\cxx-framework\src\traditional\proc\p18f8722.asm
                     TMR2   0x000fcc       data     extern E:\3.46\pic18-lt\cxx-framework\src\traditional\proc\p18f8722.asm
                    TMR3H   0x000fb3       data     extern E:\3.46\pic18-lt\cxx-framework\src\traditional\proc\p18f8722.asm
                    TMR3L   0x000fb2       data     extern E:\3.46\pic18-lt\cxx-framework\src\traditional\proc\p18f8722.asm
                     TMR4   0x000f78       data     extern E:\3.46\pic18-lt\cxx-framework\src\traditional\proc\p18f8722.asm
                      TOS   0x000ffd       data     extern E:\3.46\pic18-lt\cxx-framework\src\traditional\proc\p18f8722.asm
                     TOSH   0x000ffe       data     extern E:\3.46\pic18-lt\cxx-framework\src\traditional\proc\p18f8722.asm
                     TOSL   0x000ffd       data     extern E:\3.46\pic18-lt\cxx-framework\src\traditional\proc\p18f8722.asm
                     TOSU   0x000fff       data     extern E:\3.46\pic18-lt\cxx-framework\src\traditional\proc\p18f8722.asm
                    TRISA   0x000f92       data     extern E:\3.46\pic18-lt\cxx-framework\src\traditional\proc\p18f8722.asm
                TRISAbits   0x000f92       data     extern E:\3.46\pic18-lt\cxx-framework\src\traditional\proc\p18f8722.asm
                    TRISB   0x000f93       data     extern E:\3.46\pic18-lt\cxx-framework\src\traditional\proc\p18f8722.asm
                TRISBbits   0x000f93       data     extern E:\3.46\pic18-lt\cxx-framework\src\traditional\proc\p18f8722.asm
                    TRISC   0x000f94       data     extern E:\3.46\pic18-lt\cxx-framework\src\traditional\proc\p18f8722.asm
                TRISCbits   0x000f94       data     extern E:\3.46\pic18-lt\cxx-framework\src\traditional\proc\p18f8722.asm
                    TRISD   0x000f95       data     extern E:\3.46\pic18-lt\cxx-framework\src\traditional\proc\p18f8722.asm
                TRISDbits   0x000f95       data     extern E:\3.46\pic18-lt\cxx-framework\src\traditional\proc\p18f8722.asm
                    TRISE   0x000f96       data     extern E:\3.46\pic18-lt\cxx-framework\src\traditional\proc\p18f8722.asm
                TRISEbits   0x000f96       data     extern E:\3.46\pic18-lt\cxx-framework\src\traditional\proc\p18f8722.asm
                    TRISF   0x000f97       data     extern E:\3.46\pic18-lt\cxx-framework\src\traditional\proc\p18f8722.asm
                TRISFbits   0x000f97       data     extern E:\3.46\pic18-lt\cxx-framework\src\traditional\proc\p18f8722.asm
                    TRISG   0x000f98       data     extern E:\3.46\pic18-lt\cxx-framework\src\traditional\proc\p18f8722.asm
                TRISGbits   0x000f98       data     extern E:\3.46\pic18-lt\cxx-framework\src\traditional\proc\p18f8722.asm
                    TRISH   0x000f99       data     extern E:\3.46\pic18-lt\cxx-framework\src\traditional\proc\p18f8722.asm
                TRISHbits   0x000f99       data     extern E:\3.46\pic18-lt\cxx-framework\src\traditional\proc\p18f8722.asm
                    TRISJ   0x000f9a       data     extern E:\3.46\pic18-lt\cxx-framework\src\traditional\proc\p18f8722.asm
                TRISJbits   0x000f9a       data     extern E:\3.46\pic18-lt\cxx-framework\src\traditional\proc\p18f8722.asm
                    TXREG   0x000fad       data     extern E:\3.46\pic18-lt\cxx-framework\src\traditional\proc\p18f8722.asm
                   TXREG1   0x000fad       data     extern E:\3.46\pic18-lt\cxx-framework\src\traditional\proc\p18f8722.asm
                   TXREG2   0x000f6d       data     extern E:\3.46\pic18-lt\cxx-framework\src\traditional\proc\p18f8722.asm
                    TXSTA   0x000fac       data     extern E:\3.46\pic18-lt\cxx-framework\src\traditional\proc\p18f8722.asm
                   TXSTA1   0x000fac       data     extern E:\3.46\pic18-lt\cxx-framework\src\traditional\proc\p18f8722.asm
               TXSTA1bits   0x000fac       data     extern E:\3.46\pic18-lt\cxx-framework\src\traditional\proc\p18f8722.asm
                   TXSTA2   0x000f6c       data     extern E:\3.46\pic18-lt\cxx-framework\src\traditional\proc\p18f8722.asm
               TXSTA2bits   0x000f6c       data     extern E:\3.46\pic18-lt\cxx-framework\src\traditional\proc\p18f8722.asm
                TXSTAbits   0x000fac       data     extern E:\3.46\pic18-lt\cxx-framework\src\traditional\proc\p18f8722.asm
                   WDTCON   0x000fd1       data     extern E:\3.46\pic18-lt\cxx-framework\src\traditional\proc\p18f8722.asm
               WDTCONbits   0x000fd1       data     extern E:\3.46\pic18-lt\cxx-framework\src\traditional\proc\p18f8722.asm
                     WREG   0x000fe8       data     extern E:\3.46\pic18-lt\cxx-framework\src\traditional\proc\p18f8722.asm
                 __AARGB0   0x000009       data     extern E:\3.46\pic18-lt\cxx-framework\src\traditional\math\aarg.asm
                 __AARGB1   0x000008       data     extern E:\3.46\pic18-lt\cxx-framework\src\traditional\math\aarg.asm
                 __AARGB2   0x000007       data     extern E:\3.46\pic18-lt\cxx-framework\src\traditional\math\aarg.asm
                 __AARGB3   0x000006       data     extern E:\3.46\pic18-lt\cxx-framework\src\traditional\math\aarg.asm
                 __AARGB4   0x000005       data     extern E:\3.46\pic18-lt\cxx-framework\src\traditional\math\aarg.asm
                 __AARGB5   0x000004       data     extern E:\3.46\pic18-lt\cxx-framework\src\traditional\math\aarg.asm
                 __AARGB6   0x000003       data     extern E:\3.46\pic18-lt\cxx-framework\src\traditional\math\aarg.asm
                 __AARGB7   0x000002       data     extern E:\3.46\pic18-lt\cxx-framework\src\traditional\math\aarg.asm
                   __AEXP   0x00000a       data     extern E:\3.46\pic18-lt\cxx-framework\src\traditional\math\aarg.asm
                 __BARGB0   0x00000e       data     extern E:\3.46\pic18-lt\cxx-framework\src\traditional\math\barg.asm
                 __BARGB1   0x00000d       data     extern E:\3.46\pic18-lt\cxx-framework\src\traditional\math\barg.asm
                 __BARGB2   0x00000c       data     extern E:\3.46\pic18-lt\cxx-framework\src\traditional\math\barg.asm
                 __BARGB3   0x00000b       data     extern E:\3.46\pic18-lt\cxx-framework\src\traditional\math\barg.asm
                   __BEXP   0x00000f       data     extern E:\3.46\pic18-lt\cxx-framework\src\traditional\math\barg.asm
                __FPFLAGS   0x000001       data     extern E:\3.46\pic18-lt\cxx-framework\src\traditional\math\cmath18.asm
            __FPFLAGSbits   0x000001       data     extern E:\3.46\pic18-lt\cxx-framework\src\traditional\math\cmath18.asm
                  __REMB0   0x000005       data     extern E:\3.46\pic18-lt\cxx-framework\src\traditional\math\aarg.asm
                  __REMB1   0x000004       data     extern E:\3.46\pic18-lt\cxx-framework\src\traditional\math\aarg.asm
                  __REMB2   0x000003       data     extern E:\3.46\pic18-lt\cxx-framework\src\traditional\math\aarg.asm
                  __REMB3   0x000002       data     extern E:\3.46\pic18-lt\cxx-framework\src\traditional\math\aarg.asm
                   __TEMP   0x000013       data     extern E:\3.46\pic18-lt\cxx-framework\src\traditional\math\temparg.asm
                 __TEMPB0   0x000013       data     extern E:\3.46\pic18-lt\cxx-framework\src\traditional\math\temparg.asm
                 __TEMPB1   0x000012       data     extern E:\3.46\pic18-lt\cxx-framework\src\traditional\math\temparg.asm
                 __TEMPB2   0x000011       data     extern E:\3.46\pic18-lt\cxx-framework\src\traditional\math\temparg.asm
                 __TEMPB3   0x000010       data     extern E:\3.46\pic18-lt\cxx-framework\src\traditional\math\temparg.asm
                  __tmp_0   0x000014       data     static C:\Documents and Settings\Administrator\MPLABXProjects\buggy.X\main.c
                  __tmp_0   0x000014       data     static E:\3.46\pic18-lt\cxx-framework\src\pmc_common\ADC\adcopen.c
                  __tmp_0   0x000014       data     static E:\3.46\pic18-lt\cxx-framework\src\pmc_common\ADC\adcread.c
                  __tmp_0   0x000014       data     static E:\3.46\pic18-lt\cxx-framework\src\pmc_common\Timers\t0read.c
                  __tmp_0   0x000014       data     static E:\3.46\pic18-lt\cxx-framework\src\pmc_common\EEP\read_B.c
                  __tmp_0   0x000014       data     static E:\3.46\pic18-lt\cxx-framework\src\pmc_common\ADC\adcsetch.c
                  __tmp_0   0x000014       data     static E:\3.46\pic18-lt\cxx-framework\src\pmc_common\PWM\pw4setdc.c
                  __tmp_0   0x000014       data     static E:\3.46\pic18-lt\cxx-framework\src\pmc_common\PWM\pw5setdc.c
                  __tmp_0   0x000014       data     static E:\3.46\pic18-lt\cxx-framework\src\pmc_common\EEP\write_B.c
                       bp   0x000f28       data     extern C:\Documents and Settings\Administrator\MPLABXProjects\buggy.X\main.c
                curr_byte   0x0001f3       data     static E:\3.46\pic18-lt\cxx-framework\src\traditional\startup\c018i.c
               curr_entry   0x0001f5       data     static E:\3.46\pic18-lt\cxx-framework\src\traditional\startup\c018i.c
                 data_ptr   0x0001f7       data     static E:\3.46\pic18-lt\cxx-framework\src\traditional\startup\c018i.c
                     prom   0x0001f0       data     static E:\3.46\pic18-lt\cxx-framework\src\traditional\startup\c018i.c



                              Symbols - Sorted by Address
                     Name    Address   Location    Storage File                     
                ---------  ---------  ---------  --------- ---------                
                   _entry   0x000000    program     extern E:\3.46\pic18-lt\cxx-framework\src\traditional\startup\c018i.c
       ___return_lbl00000   0x000004    program     static                          
                   __init   0x000006    program     extern E:\3.46\pic18-lt\cxx-framework\src\traditional\stdclib\__init.c
JumpToInterruptServiceRoutine   0x000008    program     extern C:\Documents and Settings\Administrator\MPLABXProjects\buggy.X\main.c
       ___return_lbl00097   0x00000c    program     static                          
                  BitRead   0x00001c    program     extern C:\Documents and Settings\Administrator\MPLABXProjects\buggy.X\main.c
                   BitSet   0x000054    program     extern C:\Documents and Settings\Administrator\MPLABXProjects\buggy.X\main.c
                 BitClear   0x00008a    program     extern C:\Documents and Settings\Administrator\MPLABXProjects\buggy.X\main.c
        ConfigureBipolar1   0x0000c2    program     extern C:\Documents and Settings\Administrator\MPLABXProjects\buggy.X\main.c
              SetBipolar1   0x0000c6    program     extern C:\Documents and Settings\Administrator\MPLABXProjects\buggy.X\main.c
        ConfigureBipolar2   0x0000e2    program     extern C:\Documents and Settings\Administrator\MPLABXProjects\buggy.X\main.c
              SetBipolar2   0x0000e6    program     extern C:\Documents and Settings\Administrator\MPLABXProjects\buggy.X\main.c
      ConfigureDirection1   0x000102    program     extern C:\Documents and Settings\Administrator\MPLABXProjects\buggy.X\main.c
            SetDirection1   0x000106    program     extern C:\Documents and Settings\Administrator\MPLABXProjects\buggy.X\main.c
      ConfigureDirection2   0x000122    program     extern C:\Documents and Settings\Administrator\MPLABXProjects\buggy.X\main.c
            SetDirection2   0x000126    program     extern C:\Documents and Settings\Administrator\MPLABXProjects\buggy.X\main.c
          ConfigureEnable   0x000142    program     extern C:\Documents and Settings\Administrator\MPLABXProjects\buggy.X\main.c
                SetEnable   0x000146    program     extern C:\Documents and Settings\Administrator\MPLABXProjects\buggy.X\main.c
            ConfigureCCP4   0x000162    program     extern C:\Documents and Settings\Administrator\MPLABXProjects\buggy.X\main.c
            ConfigureCCP5   0x000166    program     extern C:\Documents and Settings\Administrator\MPLABXProjects\buggy.X\main.c
             SelectSensor   0x00016a    program     extern C:\Documents and Settings\Administrator\MPLABXProjects\buggy.X\main.c
           GetSensorValue   0x000224    program     extern C:\Documents and Settings\Administrator\MPLABXProjects\buggy.X\main.c
ConfigureGlobalInterrupts   0x0002f2    program     extern C:\Documents and Settings\Administrator\MPLABXProjects\buggy.X\main.c
ConfigurePeripheralInterrupts   0x0002f6    program     extern C:\Documents and Settings\Administrator\MPLABXProjects\buggy.X\main.c
    ConfigureInterruptRB0   0x0002fa    program     extern C:\Documents and Settings\Administrator\MPLABXProjects\buggy.X\main.c
    ConfigureInterruptRB1   0x0002fe    program     extern C:\Documents and Settings\Administrator\MPLABXProjects\buggy.X\main.c
            WriteToEEPROM   0x000302    program     extern C:\Documents and Settings\Administrator\MPLABXProjects\buggy.X\main.c
           ReadFromEEPROM   0x0003e0    program     extern C:\Documents and Settings\Administrator\MPLABXProjects\buggy.X\main.c
            DebounceValue   0x0004a8    program     extern C:\Documents and Settings\Administrator\MPLABXProjects\buggy.X\main.c
  ConfigureCalibrationLED   0x000550    program     extern C:\Documents and Settings\Administrator\MPLABXProjects\buggy.X\main.c
        SetCalibrationLED   0x000554    program     extern C:\Documents and Settings\Administrator\MPLABXProjects\buggy.X\main.c
         ConfigureRaceLED   0x000570    program     extern C:\Documents and Settings\Administrator\MPLABXProjects\buggy.X\main.c
               SetRaceLED   0x000574    program     extern C:\Documents and Settings\Administrator\MPLABXProjects\buggy.X\main.c
               ReturnTrue   0x000590    program     extern C:\Documents and Settings\Administrator\MPLABXProjects\buggy.X\main.c
              ReturnFalse   0x000596    program     extern C:\Documents and Settings\Administrator\MPLABXProjects\buggy.X\main.c
[...]
                 PIR2bits   0x000fa1       data     extern E:\3.46\pic18-lt\cxx-framework\src\traditional\proc\p18f8722.asm
                 IPR2bits   0x000fa2       data     extern E:\3.46\pic18-lt\cxx-framework\src\traditional\proc\p18f8722.asm
                     IPR2   0x000fa2       data     extern E:\3.46\pic18-lt\cxx-framework\src\traditional\proc\p18f8722.asm
                 PIE3bits   0x000fa3       data     extern E:\3.46\pic18-lt\cxx-framework\src\traditional\proc\p18f8722.asm
                     PIE3   0x000fa3       data     extern E:\3.46\pic18-lt\cxx-framework\src\traditional\proc\p18f8722.asm
                 PIR3bits   0x000fa4       data     extern E:\3.46\pic18-lt\cxx-framework\src\traditional\proc\p18f8722.asm
                     PIR3   0x000fa4       data     extern E:\3.46\pic18-lt\cxx-framework\src\traditional\proc\p18f8722.asm
                 IPR3bits   0x000fa5       data     extern E:\3.46\pic18-lt\cxx-framework\src\traditional\proc\p18f8722.asm
                     IPR3   0x000fa5       data     extern E:\3.46\pic18-lt\cxx-framework\src\traditional\proc\p18f8722.asm
               EECON1bits   0x000fa6       data     extern E:\3.46\pic18-lt\cxx-framework\src\traditional\proc\p18f8722.asm
                   EECON1   0x000fa6       data     extern E:\3.46\pic18-lt\cxx-framework\src\traditional\proc\p18f8722.asm
                   EECON2   0x000fa7       data     extern E:\3.46\pic18-lt\cxx-framework\src\traditional\proc\p18f8722.asm
                   EEDATA   0x000fa8       data     extern E:\3.46\pic18-lt\cxx-framework\src\traditional\proc\p18f8722.asm
                    EEADR   0x000fa9       data     extern E:\3.46\pic18-lt\cxx-framework\src\traditional\proc\p18f8722.asm
                   EEADRH   0x000faa       data     extern E:\3.46\pic18-lt\cxx-framework\src\traditional\proc\p18f8722.asm
                RCSTAbits   0x000fab       data     extern E:\3.46\pic18-lt\cxx-framework\src\traditional\proc\p18f8722.asm
               RCSTA1bits   0x000fab       data     extern E:\3.46\pic18-lt\cxx-framework\src\traditional\proc\p18f8722.asm
                   RCSTA1   0x000fab       data     extern E:\3.46\pic18-lt\cxx-framework\src\traditional\proc\p18f8722.asm
                    RCSTA   0x000fab       data     extern E:\3.46\pic18-lt\cxx-framework\src\traditional\proc\p18f8722.asm
                TXSTAbits   0x000fac       data     extern E:\3.46\pic18-lt\cxx-framework\src\traditional\proc\p18f8722.asm
                    TXSTA   0x000fac       data     extern E:\3.46\pic18-lt\cxx-framework\src\traditional\proc\p18f8722.asm
                   TXSTA1   0x000fac       data     extern E:\3.46\pic18-lt\cxx-framework\src\traditional\proc\p18f8722.asm
               TXSTA1bits   0x000fac       data     extern E:\3.46\pic18-lt\cxx-framework\src\traditional\proc\p18f8722.asm
                   TXREG1   0x000fad       data     extern E:\3.46\pic18-lt\cxx-framework\src\traditional\proc\p18f8722.asm
                    TXREG   0x000fad       data     extern E:\3.46\pic18-lt\cxx-framework\src\traditional\proc\p18f8722.asm
                   RCREG1   0x000fae       data     extern E:\3.46\pic18-lt\cxx-framework\src\traditional\proc\p18f8722.asm
                    RCREG   0x000fae       data     extern E:\3.46\pic18-lt\cxx-framework\src\traditional\proc\p18f8722.asm
                    SPBRG   0x000faf       data     extern E:\3.46\pic18-lt\cxx-framework\src\traditional\proc\p18f8722.asm
                   SPBRG1   0x000faf       data     extern E:\3.46\pic18-lt\cxx-framework\src\traditional\proc\p18f8722.asm
               PSPCONbits   0x000fb0       data     extern E:\3.46\pic18-lt\cxx-framework\src\traditional\proc\p18f8722.asm
                   PSPCON   0x000fb0       data     extern E:\3.46\pic18-lt\cxx-framework\src\traditional\proc\p18f8722.asm
                T3CONbits   0x000fb1       data     extern E:\3.46\pic18-lt\cxx-framework\src\traditional\proc\p18f8722.asm
                    T3CON   0x000fb1       data     extern E:\3.46\pic18-lt\cxx-framework\src\traditional\proc\p18f8722.asm
                    TMR3L   0x000fb2       data     extern E:\3.46\pic18-lt\cxx-framework\src\traditional\proc\p18f8722.asm
                    TMR3H   0x000fb3       data     extern E:\3.46\pic18-lt\cxx-framework\src\traditional\proc\p18f8722.asm
                CMCONbits   0x000fb4       data     extern E:\3.46\pic18-lt\cxx-framework\src\traditional\proc\p18f8722.asm
                    CMCON   0x000fb4       data     extern E:\3.46\pic18-lt\cxx-framework\src\traditional\proc\p18f8722.asm
               CVRCONbits   0x000fb5       data     extern E:\3.46\pic18-lt\cxx-framework\src\traditional\proc\p18f8722.asm
                   CVRCON   0x000fb5       data     extern E:\3.46\pic18-lt\cxx-framework\src\traditional\proc\p18f8722.asm
                  ECCP1AS   0x000fb6       data     extern E:\3.46\pic18-lt\cxx-framework\src\traditional\proc\p18f8722.asm
              ECCP1ASbits   0x000fb6       data     extern E:\3.46\pic18-lt\cxx-framework\src\traditional\proc\p18f8722.asm
             ECCP3CONbits   0x000fb7       data     extern E:\3.46\pic18-lt\cxx-framework\src\traditional\proc\p18f8722.asm
                 ECCP3CON   0x000fb7       data     extern E:\3.46\pic18-lt\cxx-framework\src\traditional\proc\p18f8722.asm
                  CCP3CON   0x000fb7       data     extern E:\3.46\pic18-lt\cxx-framework\src\traditional\proc\p18f8722.asm
              CCP3CONbits   0x000fb7       data     extern E:\3.46\pic18-lt\cxx-framework\src\traditional\proc\p18f8722.asm
                   CCPR3L   0x000fb8       data     extern E:\3.46\pic18-lt\cxx-framework\src\traditional\proc\p18f8722.asm
                    CCPR3   0x000fb8       data     extern E:\3.46\pic18-lt\cxx-framework\src\traditional\proc\p18f8722.asm
                   CCPR3H   0x000fb9       data     extern E:\3.46\pic18-lt\cxx-framework\src\traditional\proc\p18f8722.asm
             ECCP2CONbits   0x000fba       data     extern E:\3.46\pic18-lt\cxx-framework\src\traditional\proc\p18f8722.asm
                 ECCP2CON   0x000fba       data     extern E:\3.46\pic18-lt\cxx-framework\src\traditional\proc\p18f8722.asm
                  CCP2CON   0x000fba       data     extern E:\3.46\pic18-lt\cxx-framework\src\traditional\proc\p18f8722.asm
              CCP2CONbits   0x000fba       data     extern E:\3.46\pic18-lt\cxx-framework\src\traditional\proc\p18f8722.asm
                    CCPR2   0x000fbb       data     extern E:\3.46\pic18-lt\cxx-framework\src\traditional\proc\p18f8722.asm
                   CCPR2L   0x000fbb       data     extern E:\3.46\pic18-lt\cxx-framework\src\traditional\proc\p18f8722.asm
                   CCPR2H   0x000fbc       data     extern E:\3.46\pic18-lt\cxx-framework\src\traditional\proc\p18f8722.asm
                 ECCP1CON   0x000fbd       data     extern E:\3.46\pic18-lt\cxx-framework\src\traditional\proc\p18f8722.asm
              CCP1CONbits   0x000fbd       data     extern E:\3.46\pic18-lt\cxx-framework\src\traditional\proc\p18f8722.asm
                  CCP1CON   0x000fbd       data     extern E:\3.46\pic18-lt\cxx-framework\src\traditional\proc\p18f8722.asm
             ECCP1CONbits   0x000fbd       data     extern E:\3.46\pic18-lt\cxx-framework\src\traditional\proc\p18f8722.asm
                    CCPR1   0x000fbe       data     extern E:\3.46\pic18-lt\cxx-framework\src\traditional\proc\p18f8722.asm
                   CCPR1L   0x000fbe       data     extern E:\3.46\pic18-lt\cxx-framework\src\traditional\proc\p18f8722.asm
                   CCPR1H   0x000fbf       data     extern E:\3.46\pic18-lt\cxx-framework\src\traditional\proc\p18f8722.asm
               ADCON2bits   0x000fc0       data     extern E:\3.46\pic18-lt\cxx-framework\src\traditional\proc\p18f8722.asm
                   ADCON2   0x000fc0       data     extern E:\3.46\pic18-lt\cxx-framework\src\traditional\proc\p18f8722.asm
               ADCON1bits   0x000fc1       data     extern E:\3.46\pic18-lt\cxx-framework\src\traditional\proc\p18f8722.asm
                   ADCON1   0x000fc1       data     extern E:\3.46\pic18-lt\cxx-framework\src\traditional\proc\p18f8722.asm
               ADCON0bits   0x000fc2       data     extern E:\3.46\pic18-lt\cxx-framework\src\traditional\proc\p18f8722.asm
                   ADCON0   0x000fc2       data     extern E:\3.46\pic18-lt\cxx-framework\src\traditional\proc\p18f8722.asm
                    ADRES   0x000fc3       data     extern E:\3.46\pic18-lt\cxx-framework\src\traditional\proc\p18f8722.asm
                   ADRESL   0x000fc3       data     extern E:\3.46\pic18-lt\cxx-framework\src\traditional\proc\p18f8722.asm
                   ADRESH   0x000fc4       data     extern E:\3.46\pic18-lt\cxx-framework\src\traditional\proc\p18f8722.asm
                 SSP1CON2   0x000fc5       data     extern E:\3.46\pic18-lt\cxx-framework\src\traditional\proc\p18f8722.asm
             SSP1CON2bits   0x000fc5       data     extern E:\3.46\pic18-lt\cxx-framework\src\traditional\proc\p18f8722.asm
                  SSPCON2   0x000fc5       data     extern E:\3.46\pic18-lt\cxx-framework\src\traditional\proc\p18f8722.asm
              SSPCON2bits   0x000fc5       data     extern E:\3.46\pic18-lt\cxx-framework\src\traditional\proc\p18f8722.asm
                  SSPCON1   0x000fc6       data     extern E:\3.46\pic18-lt\cxx-framework\src\traditional\proc\p18f8722.asm
             SSP1CON1bits   0x000fc6       data     extern E:\3.46\pic18-lt\cxx-framework\src\traditional\proc\p18f8722.asm
                 SSP1CON1   0x000fc6       data     extern E:\3.46\pic18-lt\cxx-framework\src\traditional\proc\p18f8722.asm
              SSPCON1bits   0x000fc6       data     extern E:\3.46\pic18-lt\cxx-framework\src\traditional\proc\p18f8722.asm
                 SSP1STAT   0x000fc7       data     extern E:\3.46\pic18-lt\cxx-framework\src\traditional\proc\p18f8722.asm
                  SSPSTAT   0x000fc7       data     extern E:\3.46\pic18-lt\cxx-framework\src\traditional\proc\p18f8722.asm
             SSP1STATbits   0x000fc7       data     extern E:\3.46\pic18-lt\cxx-framework\src\traditional\proc\p18f8722.asm
              SSPSTATbits   0x000fc7       data     extern E:\3.46\pic18-lt\cxx-framework\src\traditional\proc\p18f8722.asm
                  SSP1ADD   0x000fc8       data     extern E:\3.46\pic18-lt\cxx-framework\src\traditional\proc\p18f8722.asm
                   SSPADD   0x000fc8       data     extern E:\3.46\pic18-lt\cxx-framework\src\traditional\proc\p18f8722.asm
                   SSPBUF   0x000fc9       data     extern E:\3.46\pic18-lt\cxx-framework\src\traditional\proc\p18f8722.asm
                  SSP1BUF   0x000fc9       data     extern E:\3.46\pic18-lt\cxx-framework\src\traditional\proc\p18f8722.asm
                T2CONbits   0x000fca       data     extern E:\3.46\pic18-lt\cxx-framework\src\traditional\proc\p18f8722.asm
                    T2CON   0x000fca       data     extern E:\3.46\pic18-lt\cxx-framework\src\traditional\proc\p18f8722.asm
                      PR2   0x000fcb       data     extern E:\3.46\pic18-lt\cxx-framework\src\traditional\proc\p18f8722.asm
                     TMR2   0x000fcc       data     extern E:\3.46\pic18-lt\cxx-framework\src\traditional\proc\p18f8722.asm
                    T1CON   0x000fcd       data     extern E:\3.46\pic18-lt\cxx-framework\src\traditional\proc\p18f8722.asm
                T1CONbits   0x000fcd       data     extern E:\3.46\pic18-lt\cxx-framework\src\traditional\proc\p18f8722.asm
                    TMR1L   0x000fce       data     extern E:\3.46\pic18-lt\cxx-framework\src\traditional\proc\p18f8722.asm
                    TMR1H   0x000fcf       data     extern E:\3.46\pic18-lt\cxx-framework\src\traditional\proc\p18f8722.asm
                 RCONbits   0x000fd0       data     extern E:\3.46\pic18-lt\cxx-framework\src\traditional\proc\p18f8722.asm
                     RCON   0x000fd0       data     extern E:\3.46\pic18-lt\cxx-framework\src\traditional\proc\p18f8722.asm
                   WDTCON   0x000fd1       data     extern E:\3.46\pic18-lt\cxx-framework\src\traditional\proc\p18f8722.asm
               WDTCONbits   0x000fd1       data     extern E:\3.46\pic18-lt\cxx-framework\src\traditional\proc\p18f8722.asm
              HLVDCONbits   0x000fd2       data     extern E:\3.46\pic18-lt\cxx-framework\src\traditional\proc\p18f8722.asm
                   LVDCON   0x000fd2       data     extern E:\3.46\pic18-lt\cxx-framework\src\traditional\proc\p18f8722.asm
               LVDCONbits   0x000fd2       data     extern E:\3.46\pic18-lt\cxx-framework\src\traditional\proc\p18f8722.asm
                  HLVDCON   0x000fd2       data     extern E:\3.46\pic18-lt\cxx-framework\src\traditional\proc\p18f8722.asm
                   OSCCON   0x000fd3       data     extern E:\3.46\pic18-lt\cxx-framework\src\traditional\proc\p18f8722.asm
               OSCCONbits   0x000fd3       data     extern E:\3.46\pic18-lt\cxx-framework\src\traditional\proc\p18f8722.asm
                T0CONbits   0x000fd5       data     extern E:\3.46\pic18-lt\cxx-framework\src\traditional\proc\p18f8722.asm
                    T0CON   0x000fd5       data     extern E:\3.46\pic18-lt\cxx-framework\src\traditional\proc\p18f8722.asm
                    TMR0L   0x000fd6       data     extern E:\3.46\pic18-lt\cxx-framework\src\traditional\proc\p18f8722.asm
                    TMR0H   0x000fd7       data     extern E:\3.46\pic18-lt\cxx-framework\src\traditional\proc\p18f8722.asm
                   STATUS   0x000fd8       data     extern E:\3.46\pic18-lt\cxx-framework\src\traditional\proc\p18f8722.asm
               STATUSbits   0x000fd8       data     extern E:\3.46\pic18-lt\cxx-framework\src\traditional\proc\p18f8722.asm
                     FSR2   0x000fd9       data     extern E:\3.46\pic18-lt\cxx-framework\src\traditional\proc\p18f8722.asm
                    FSR2L   0x000fd9       data     extern E:\3.46\pic18-lt\cxx-framework\src\traditional\proc\p18f8722.asm
                    FSR2H   0x000fda       data     extern E:\3.46\pic18-lt\cxx-framework\src\traditional\proc\p18f8722.asm
                   PLUSW2   0x000fdb       data     extern E:\3.46\pic18-lt\cxx-framework\src\traditional\proc\p18f8722.asm
                  PREINC2   0x000fdc       data     extern E:\3.46\pic18-lt\cxx-framework\src\traditional\proc\p18f8722.asm
                 POSTDEC2   0x000fdd       data     extern E:\3.46\pic18-lt\cxx-framework\src\traditional\proc\p18f8722.asm
                 POSTINC2   0x000fde       data     extern E:\3.46\pic18-lt\cxx-framework\src\traditional\proc\p18f8722.asm
                    INDF2   0x000fdf       data     extern E:\3.46\pic18-lt\cxx-framework\src\traditional\proc\p18f8722.asm
                      BSR   0x000fe0       data     extern E:\3.46\pic18-lt\cxx-framework\src\traditional\proc\p18f8722.asm
                    FSR1L   0x000fe1       data     extern E:\3.46\pic18-lt\cxx-framework\src\traditional\proc\p18f8722.asm
                     FSR1   0x000fe1       data     extern E:\3.46\pic18-lt\cxx-framework\src\traditional\proc\p18f8722.asm
                    FSR1H   0x000fe2       data     extern E:\3.46\pic18-lt\cxx-framework\src\traditional\proc\p18f8722.asm
                   PLUSW1   0x000fe3       data     extern E:\3.46\pic18-lt\cxx-framework\src\traditional\proc\p18f8722.asm
                  PREINC1   0x000fe4       data     extern E:\3.46\pic18-lt\cxx-framework\src\traditional\proc\p18f8722.asm
                 POSTDEC1   0x000fe5       data     extern E:\3.46\pic18-lt\cxx-framework\src\traditional\proc\p18f8722.asm
                 POSTINC1   0x000fe6       data     extern E:\3.46\pic18-lt\cxx-framework\src\traditional\proc\p18f8722.asm
                    INDF1   0x000fe7       data     extern E:\3.46\pic18-lt\cxx-framework\src\traditional\proc\p18f8722.asm
                     WREG   0x000fe8       data     extern E:\3.46\pic18-lt\cxx-framework\src\traditional\proc\p18f8722.asm
                    FSR0L   0x000fe9       data     extern E:\3.46\pic18-lt\cxx-framework\src\traditional\proc\p18f8722.asm
                     FSR0   0x000fe9       data     extern E:\3.46\pic18-lt\cxx-framework\src\traditional\proc\p18f8722.asm
                    FSR0H   0x000fea       data     extern E:\3.46\pic18-lt\cxx-framework\src\traditional\proc\p18f8722.asm
                   PLUSW0   0x000feb       data     extern E:\3.46\pic18-lt\cxx-framework\src\traditional\proc\p18f8722.asm
                  PREINC0   0x000fec       data     extern E:\3.46\pic18-lt\cxx-framework\src\traditional\proc\p18f8722.asm
                 POSTDEC0   0x000fed       data     extern E:\3.46\pic18-lt\cxx-framework\src\traditional\proc\p18f8722.asm
                 POSTINC0   0x000fee       data     extern E:\3.46\pic18-lt\cxx-framework\src\traditional\proc\p18f8722.asm
                    INDF0   0x000fef       data     extern E:\3.46\pic18-lt\cxx-framework\src\traditional\proc\p18f8722.asm
              INTCON3bits   0x000ff0       data     extern E:\3.46\pic18-lt\cxx-framework\src\traditional\proc\p18f8722.asm
                  INTCON3   0x000ff0       data     extern E:\3.46\pic18-lt\cxx-framework\src\traditional\proc\p18f8722.asm
                  INTCON2   0x000ff1       data     extern E:\3.46\pic18-lt\cxx-framework\src\traditional\proc\p18f8722.asm
              INTCON2bits   0x000ff1       data     extern E:\3.46\pic18-lt\cxx-framework\src\traditional\proc\p18f8722.asm
                   INTCON   0x000ff2       data     extern E:\3.46\pic18-lt\cxx-framework\src\traditional\proc\p18f8722.asm
               INTCONbits   0x000ff2       data     extern E:\3.46\pic18-lt\cxx-framework\src\traditional\proc\p18f8722.asm
                     PROD   0x000ff3       data     extern E:\3.46\pic18-lt\cxx-framework\src\traditional\proc\p18f8722.asm
                    PRODL   0x000ff3       data     extern E:\3.46\pic18-lt\cxx-framework\src\traditional\proc\p18f8722.asm
                    PRODH   0x000ff4       data     extern E:\3.46\pic18-lt\cxx-framework\src\traditional\proc\p18f8722.asm
                   TABLAT   0x000ff5       data     extern E:\3.46\pic18-lt\cxx-framework\src\traditional\proc\p18f8722.asm
                  TBLPTRL   0x000ff6       data     extern E:\3.46\pic18-lt\cxx-framework\src\traditional\proc\p18f8722.asm
                   TBLPTR   0x000ff6       data     extern E:\3.46\pic18-lt\cxx-framework\src\traditional\proc\p18f8722.asm
                  TBLPTRH   0x000ff7       data     extern E:\3.46\pic18-lt\cxx-framework\src\traditional\proc\p18f8722.asm
                  TBLPTRU   0x000ff8       data     extern E:\3.46\pic18-lt\cxx-framework\src\traditional\proc\p18f8722.asm
                       PC   0x000ff9       data     extern E:\3.46\pic18-lt\cxx-framework\src\traditional\proc\p18f8722.asm
                      PCL   0x000ff9       data     extern E:\3.46\pic18-lt\cxx-framework\src\traditional\proc\p18f8722.asm
                   PCLATH   0x000ffa       data     extern E:\3.46\pic18-lt\cxx-framework\src\traditional\proc\p18f8722.asm
                   PCLATU   0x000ffb       data     extern E:\3.46\pic18-lt\cxx-framework\src\traditional\proc\p18f8722.asm
               STKPTRbits   0x000ffc       data     extern E:\3.46\pic18-lt\cxx-framework\src\traditional\proc\p18f8722.asm
                   STKPTR   0x000ffc       data     extern E:\3.46\pic18-lt\cxx-framework\src\traditional\proc\p18f8722.asm
                      TOS   0x000ffd       data     extern E:\3.46\pic18-lt\cxx-framework\src\traditional\proc\p18f8722.asm
                     TOSL   0x000ffd       data     extern E:\3.46\pic18-lt\cxx-framework\src\traditional\proc\p18f8722.asm
                     TOSH   0x000ffe       data     extern E:\3.46\pic18-lt\cxx-framework\src\traditional\proc\p18f8722.asm
                     TOSU   0x000fff       data     extern E:\3.46\pic18-lt\cxx-framework\src\traditional\proc\p18f8722.asm


